// Vitest Snapshot v1, https://vitest.dev/guide/snapshot.html

exports[`PopupList > renders the PopupList component correctly 1`] = `
<div>
  <div
    class="inline-flex flex-col items-start rounded bg-white py-6 px-[20px] shadow-border w-[257px]"
  >
    <div
      class="flex items-center gap-3 py-3 text-heading-4 font-poppins hover:text-accent hover:underline focus:left-auto focus:underline w-full pl-5 rounded"
    >
      <a
        href="/foo"
      >
        Item 1
      </a>
    </div>
    <div
      class="flex items-center gap-3 py-3 text-heading-4 font-poppins hover:text-accent hover:underline focus:left-auto focus:underline w-full pl-5 rounded"
    >
      <a
        href="/bar"
      >
        Item 2
      </a>
    </div>
    <div
      class="flex items-center gap-3 py-3 text-heading-4 font-poppins hover:text-accent hover:underline focus:left-auto focus:underline w-full pl-5 rounded"
    >
      <a
        href="/baz"
      >
        Item 3
      </a>
    </div>
  </div>
</div>
`;
