// Vitest Snapshot v1, https://vitest.dev/guide/snapshot.html

exports[`PopupList > renders the PopupList component correctly 1`] = `
<div>
  <div
    class="ds-inline-flex ds-flex-col ds-items-start ds-rounded ds-bg-white ds-py-6 ds-px-[20px] ds-shadow-border ds-w-[257px]"
  >
    <div
      class="ds-flex ds-items-center ds-gap-3 ds-py-3 ds-text-heading-4 hover:ds-text-accent hover:ds-underline focus:ds-left-auto focus:ds-underline ds-w-full ds-pl-5 ds-rounded"
    >
      <a
        href="/foo"
      >
        Item 1
      </a>
    </div>
    <div
      class="ds-flex ds-items-center ds-gap-3 ds-py-3 ds-text-heading-4 hover:ds-text-accent hover:ds-underline focus:ds-left-auto focus:ds-underline ds-w-full ds-pl-5 ds-rounded"
    >
      <a
        href="/bar"
      >
        Item 2
      </a>
    </div>
    <div
      class="ds-flex ds-items-center ds-gap-3 ds-py-3 ds-text-heading-4 hover:ds-text-accent hover:ds-underline focus:ds-left-auto focus:ds-underline ds-w-full ds-pl-5 ds-rounded"
    >
      <a
        href="/baz"
      >
        Item 3
      </a>
    </div>
  </div>
</div>
`;
