// Vitest Snapshot v1, https://vitest.dev/guide/snapshot.html

exports[`Checkbox > renders correctly 1`] = `
<div
  class="ds:flex ds:items-center ds:text-left ds:relative"
>
  <input
    aria-checked="false"
    class="ds:peer ds:size-5 ds:min-h-5 ds:min-w-5 ds:appearance-none ds:rounded-none ds:bg-white ds:border-0"
    id="«r0»"
    name="myCheckbox"
    type="checkbox"
    value="myValue"
  />
  <svg
    class="ds:pointer-events-none ds:absolute ds:hidden ds:text-accent ds:peer-checked:block"
    data-state="visible"
    fill="none"
    height="16"
    style="display: none;"
    viewBox="0 0 16 16"
    width="16"
    xmlns="http://www.w3.org/2000/svg"
  >
    <path
      d="M4 8l3 3l5-5"
      fill="none"
      stroke="currentColor"
      stroke-width="2"
    />
  </svg>
  <svg
    class="ds:pointer-events-none ds:absolute ds:fill-accent"
    fill="none"
    height="16"
    style="display: none;"
    viewBox="0 0 16 16"
    width="16"
    xmlns="http://www.w3.org/2000/svg"
  >
    <rect
      height="2"
      width="10"
      x="3"
      y="7"
    />
  </svg>
  <label
    class="ds:flex ds:flex-row ds:items-center ds:text-heading-4 ds:text-black ds:peer-hover:text-accent ds:peer-hover:underline ds:peer-disabled:text-inactive-gray ds:peer-disabled:no-underline ds:pl-4"
    for="«r0»"
  >
    My Checkbox
  </label>
</div>
`;
