// Vitest Snapshot v1, https://vitest.dev/guide/snapshot.html

exports[`Checkbox > renders correctly 1`] = `
<div
  class="ds-flex ds-items-center ds-text-left"
>
  <input
    class="ds-peer ds-relative ds-size-5 ds-min-h-5 ds-min-w-5 ds-appearance-none ds-rounded-none ds-bg-white"
    id="mock-id"
    name="myCheckbox"
    type="checkbox"
    value="myValue"
  />
  <svg
    class="ds-pointer-events-none ds-absolute ds-hidden ds-fill-accent peer-checked:ds-block"
    fill="none"
    height="16"
    viewBox="0 0 16 16"
    width="16"
    xmlns="http://www.w3.org/2000/svg"
  >
    <rect
      height="16"
      width="16"
      x="0"
      y="0"
    />
  </svg>
  <label
    class="ds-flex ds-flex-row ds-items-center ds-text-button-md ds-text-black peer-hover:ds-text-accent peer-hover:ds-underline peer-disabled:ds-text-inactive-gray peer-disabled:ds-no-underline ds-pl-4"
    for="mock-id"
  >
    My Checkbox
  </label>
</div>
`;
