// Vitest Snapshot v1, https://vitest.dev/guide/snapshot.html

exports[`HeroCard > renders HeroCard without a button 1`] = `
<div
  class="ds:flex ds:flex-col ds:gap-4 ds:rounded-lg ds:p-6 ds:justify-between ds:text-white ds:hyphens-auto"
  data-testid="hero2"
  style="background-color: rgba(68, 75, 172, 0.95);"
>
  <h2
    class="ds:text-pretty ds:mr-9 ds:text-hero-mobile ds:sm:text-hero"
  >
    Test Title
  </h2>
  <p
    class="ds:text-pretty ds:text-body-lg-mobile ds:sm:text-body-lg"
  >
    Test Content
  </p>
</div>
`;
