// Vitest Snapshot v1, https://vitest.dev/guide/snapshot.html

exports[`Datepicker > renders correctly 1`] = `
<div
  class="w-full"
  data-part="root"
  data-scope="date-picker"
  data-state="closed"
  dir="ltr"
  id="datepicker::r1:"
>
  <label
    class="mb-4 inline-block align-top text-form-label text-primary-gray"
    data-part="label"
    data-scope="date-picker"
    data-state="closed"
    dir="ltr"
    for="datepicker::r1::input:0"
  >
    Pick a date dude!
  </label>
  <div
    data-part="control"
    data-scope="date-picker"
    dir="ltr"
    id="datepicker::r1::control"
  >
    <div
      class="flex w-full"
    >
      <input
        autocomplete="off"
        autocorrect="off"
        class="w-full rounded-l-[10px] border-y-[5px] border-l-[5px] border-border-gray bg-white p-[11px] text-primary-gray outline-none placeholder:text-secondary-gray"
        data-part="input"
        data-scope="date-picker"
        data-state="closed"
        dir="ltr"
        id="datepicker::r1::input:0"
        placeholder="(pp.kk.vvvv)"
        spellcheck="false"
        value="01.05.2024"
      />
      <button
        aria-controls="datepicker::r1::content"
        aria-haspopup="grid"
        aria-label="Open calendar"
        class="material-symbols-outlined select-none rounded-r-[10px] border-y-[5px] border-r-[5px] border-border-gray bg-white p-[11px] text-secondary-gray"
        data-part="trigger"
        data-scope="date-picker"
        data-state="closed"
        dir="ltr"
        id="datepicker::r1::trigger"
        type="button"
      >
        calendar_month
      </button>
    </div>
  </div>
</div>
`;
