// Vitest Snapshot v1, https://vitest.dev/guide/snapshot.html

exports[`Datepicker > renders correctly 1`] = `
<div
  class="ds:w-full"
  data-part="root"
  data-scope="date-picker"
  data-state="closed"
  dir="ltr"
  id="datepicker::r1:"
>
  <label
    class="ds:mb-4 ds:inline-block ds:align-top ds:text-form-label ds:font-arial ds:text-black"
    data-index="0"
    data-part="label"
    data-scope="date-picker"
    data-state="closed"
    dir="ltr"
    for="datepicker::r1::input:0"
    id="datepicker::r1::label:0"
  >
    Pick a date dude!
  </label>
  <div
    data-part="control"
    data-scope="date-picker"
    dir="ltr"
    id="datepicker::r1::control"
  >
    <div
      class="ds:flex ds:w-full"
    >
      <input
        autocomplete="off"
        autocorrect="off"
        class="ds:w-full ds:rounded-l ds:border-y ds:border-l ds:border-border-gray ds:bg-white ds:p-5 ds:font-arial ds:text-black ds:outline-hidden ds:placeholder:text-inactive-gray ds:placeholder:text-body-md"
        data-index="0"
        data-part="input"
        data-scope="date-picker"
        data-state="closed"
        dir="ltr"
        id="datepicker::r1::input:0"
        placeholder="pp.kk.vvvv"
        spellcheck="false"
        value="1.5.2024"
      />
      <button
        aria-controls="datepicker::r1::content"
        aria-haspopup="grid"
        aria-label="Open calendar"
        class="ds:rounded-r ds:border-y ds:border-r ds:border-border-gray ds:bg-white ds:p-5 ds:text-secondary-gray ds:cursor-pointer"
        data-part="trigger"
        data-scope="date-picker"
        data-state="closed"
        dir="ltr"
        id="datepicker::r1::trigger"
        type="button"
      >
        <svg
          fill="currentColor"
          height="24"
          stroke="currentColor"
          stroke-width="0"
          viewBox="0 0 24 24"
          width="24"
          xmlns="http://www.w3.org/2000/svg"
        >
          <path
            d="M0 0h24v24H0z"
            fill="none"
          />
          <path
            d="M20 3h-1V1h-2v2H7V1H5v2H4c-1.1 0-2 .9-2 2v16c0 1.1.9 2 2 2h16c1.1 0 2-.9 2-2V5c0-1.1-.9-2-2-2zm0 18H4V8h16v13z"
          />
        </svg>
      </button>
    </div>
  </div>
</div>
`;
