// Vitest Snapshot v1, https://vitest.dev/guide/snapshot.html

exports[`Datepicker > renders correctly 1`] = `
<div
  class="ds:w-full"
  data-part="root"
  data-scope="date-picker"
  data-state="closed"
  dir="ltr"
  id="datepicker::r1:"
>
  <label
    class="ds:mb-4 ds:inline-block ds:align-top ds:text-form-label ds:font-arial ds:text-black"
    data-index="0"
    data-part="label"
    data-scope="date-picker"
    data-state="closed"
    dir="ltr"
    for="datepicker::r1::input:0"
    id="datepicker::r1::label:0"
  >
    Pick a date dude!
  </label>
  <div
    data-part="control"
    data-scope="date-picker"
    dir="ltr"
    id="datepicker::r1::control"
  >
    <div
      class="ds:flex ds:w-full"
    >
      <input
        autocomplete="off"
        autocorrect="off"
        class="ds:w-full ds:rounded-l ds:border-y ds:border-l ds:border-border-gray ds:bg-white ds:p-5 ds:font-arial ds:text-black ds:outline-hidden ds:placeholder:text-inactive-gray"
        data-index="0"
        data-part="input"
        data-scope="date-picker"
        data-state="closed"
        dir="ltr"
        id="datepicker::r1::input:0"
        placeholder="pp.kk.vvvv"
        spellcheck="false"
        value="1.5.2024"
      />
      <button
        aria-controls="datepicker::r1::content"
        aria-haspopup="grid"
        aria-label="Open calendar"
        class="ds:rounded-r ds:border-y ds:border-r ds:border-border-gray ds:bg-white ds:p-5 ds:text-secondary-gray"
        data-part="trigger"
        data-scope="date-picker"
        data-state="closed"
        dir="ltr"
        id="datepicker::r1::trigger"
        type="button"
      >
        <svg
          fill="currentColor"
          height="24"
          stroke="currentColor"
          stroke-width="0"
          viewBox="0 0 24 24"
          width="24"
          xmlns="http://www.w3.org/2000/svg"
        >
          <path
            d="M0 0h24v24H0z"
            fill="none"
          />
          <path
            d="M19 4h-1V2h-2v2H8V2H6v2H5c-1.11 0-1.99.9-1.99 2L3 20a2 2 0 0 0 2 2h14c1.1 0 2-.9 2-2V6c0-1.1-.9-2-2-2zm0 16H5V10h14v10zM9 14H7v-2h2v2zm4 0h-2v-2h2v2zm4 0h-2v-2h2v2zm-8 4H7v-2h2v2zm4 0h-2v-2h2v2zm4 0h-2v-2h2v2z"
          />
        </svg>
      </button>
    </div>
  </div>
  <div
    data-part="positioner"
    data-scope="date-picker"
    dir="ltr"
    id="datepicker::r1::positioner"
    style="position: absolute; isolation: isolate; min-width: max-content; top: 0px; left: 0px; transform: translate3d(0, -100vh, 0); z-index: var(--z-index);"
  >
    <div
      aria-label=""
      aria-roledescription="datepicker"
      class="ds:z-50 ds:rounded ds:shadow-border ds:bg-white ds:p-4"
      data-part="content"
      data-scope="date-picker"
      data-state="closed"
      dir="ltr"
      hidden=""
      id="datepicker::r1::content"
      role="application"
      tabindex="-1"
    >
      <div
        data-part="view"
        data-scope="date-picker"
      >
        <div
          class="ds:mb-4 ds:flex ds:justify-between"
          data-part="view-control"
          data-scope="date-picker"
          data-view="day"
          dir="ltr"
        >
          <button
            aria-label="Switch to previous month"
            class="ds:text-accent ds:px-3"
            data-part="prev-trigger"
            data-scope="date-picker"
            dir="ltr"
            id="datepicker::r1::prev:day"
            type="button"
          >
            <svg
              fill="currentColor"
              height="24"
              stroke="currentColor"
              stroke-width="0"
              viewBox="0 0 24 24"
              width="24"
              xmlns="http://www.w3.org/2000/svg"
            >
              <path
                d="M0 0h24v24H0z"
                fill="none"
              />
              <path
                d="M20 11H7.83l5.59-5.59L12 4l-8 8 8 8 1.41-1.41L7.83 13H20v-2z"
              />
            </svg>
          </button>
          <button
            aria-label="Switch to month view"
            data-part="view-trigger"
            data-scope="date-picker"
            data-view="day"
            dir="ltr"
            id="datepicker::r1::view:day"
            type="button"
          >
            <div
              class="ds:capitalize ds:font-bold"
              data-part="range-text"
              data-scope="date-picker"
              dir="ltr"
            >
              toukokuu 2024
            </div>
          </button>
          <button
            aria-label="Switch to next month"
            class="ds:text-accent ds:px-3"
            data-part="next-trigger"
            data-scope="date-picker"
            dir="ltr"
            id="datepicker::r1::next:day"
            type="button"
          >
            <svg
              fill="currentColor"
              height="24"
              stroke="currentColor"
              stroke-width="0"
              viewBox="0 0 24 24"
              width="24"
              xmlns="http://www.w3.org/2000/svg"
            >
              <path
                d="M0 0h24v24H0z"
                fill="none"
              />
              <path
                d="m12 4-1.41 1.41L16.17 11H4v2h12.17l-5.58 5.59L12 20l8-8z"
              />
            </svg>
          </button>
        </div>
        <table
          aria-roledescription="calendar month"
          data-columns="7"
          data-part="table"
          data-scope="date-picker"
          data-view="day"
          dir="ltr"
          id="datepicker::r1::table:day :r2:"
          role="grid"
          tabindex="-1"
        >
          <thead
            aria-hidden="true"
            data-part="table-head"
            data-scope="date-picker"
            data-view="day"
            dir="ltr"
          >
            <tr
              data-part="table-row"
              data-scope="date-picker"
              data-view="day"
            >
              <th
                class="ds:capitalize ds:size-[28px] ds:sm:size-[32px]"
                data-part="table-header"
                data-scope="date-picker"
                data-view="day"
                dir="ltr"
              >
                ma
              </th>
              <th
                class="ds:capitalize ds:size-[28px] ds:sm:size-[32px]"
                data-part="table-header"
                data-scope="date-picker"
                data-view="day"
                dir="ltr"
              >
                ti
              </th>
              <th
                class="ds:capitalize ds:size-[28px] ds:sm:size-[32px]"
                data-part="table-header"
                data-scope="date-picker"
                data-view="day"
                dir="ltr"
              >
                ke
              </th>
              <th
                class="ds:capitalize ds:size-[28px] ds:sm:size-[32px]"
                data-part="table-header"
                data-scope="date-picker"
                data-view="day"
                dir="ltr"
              >
                to
              </th>
              <th
                class="ds:capitalize ds:size-[28px] ds:sm:size-[32px]"
                data-part="table-header"
                data-scope="date-picker"
                data-view="day"
                dir="ltr"
              >
                pe
              </th>
              <th
                class="ds:capitalize ds:size-[28px] ds:sm:size-[32px]"
                data-part="table-header"
                data-scope="date-picker"
                data-view="day"
                dir="ltr"
              >
                la
              </th>
              <th
                class="ds:capitalize ds:size-[28px] ds:sm:size-[32px]"
                data-part="table-header"
                data-scope="date-picker"
                data-view="day"
                dir="ltr"
              >
                su
              </th>
            </tr>
          </thead>
          <tbody
            data-part="table-body"
            data-scope="date-picker"
            data-view="day"
          >
            <tr
              data-part="table-row"
              data-scope="date-picker"
              data-view="day"
            >
              <td
                aria-disabled="true"
                aria-selected="false"
                data-part="table-cell"
                data-scope="date-picker"
                data-value="2024-04-29"
                role="gridcell"
              >
                <button
                  aria-disabled="true"
                  aria-label="Choose maanantaina 29. huhtikuuta 2024"
                  class="ds:flex ds:justify-center ds:items-center ds:align-center ds:m-3 ds:font-arial ds:size-[28px] ds:sm:size-[32px] ds:hover:underline ds:focus:left-auto ds:capitalize ds:data-selected:bg-secondary-1-50 ds:data-selected:rounded-full ds:text-inactive-gray ds:cursor-pointer"
                  data-disabled=""
                  data-outside-range=""
                  data-part="table-cell-trigger"
                  data-scope="date-picker"
                  data-value="2024-04-29"
                  data-view="day"
                  dir="ltr"
                  id="datepicker::r1::cell-trigger:2024-04-29"
                  role="button"
                  tabindex="-1"
                  type="button"
                >
                  29
                </button>
              </td>
              <td
                aria-disabled="true"
                aria-selected="false"
                data-part="table-cell"
                data-scope="date-picker"
                data-value="2024-04-30"
                role="gridcell"
              >
                <button
                  aria-disabled="true"
                  aria-label="Choose tiistaina 30. huhtikuuta 2024"
                  class="ds:flex ds:justify-center ds:items-center ds:align-center ds:m-3 ds:font-arial ds:size-[28px] ds:sm:size-[32px] ds:hover:underline ds:focus:left-auto ds:capitalize ds:data-selected:bg-secondary-1-50 ds:data-selected:rounded-full ds:text-inactive-gray ds:cursor-pointer"
                  data-disabled=""
                  data-outside-range=""
                  data-part="table-cell-trigger"
                  data-scope="date-picker"
                  data-value="2024-04-30"
                  data-view="day"
                  dir="ltr"
                  id="datepicker::r1::cell-trigger:2024-04-30"
                  role="button"
                  tabindex="-1"
                  type="button"
                >
                  30
                </button>
              </td>
              <td
                aria-selected="true"
                data-part="table-cell"
                data-scope="date-picker"
                data-value="2024-05-01"
                role="gridcell"
              >
                <button
                  aria-label="Choose keskiviikkona 1. toukokuuta 2024"
                  class="ds:flex ds:justify-center ds:items-center ds:align-center ds:text-body-sm ds:m-3 ds:font-arial ds:size-[28px] ds:sm:size-[32px] ds:hover:underline ds:focus:left-auto ds:capitalize ds:data-selected:bg-secondary-1-50 ds:data-selected:rounded-full ds:cursor-pointer"
                  data-focus=""
                  data-part="table-cell-trigger"
                  data-scope="date-picker"
                  data-selected=""
                  data-value="2024-05-01"
                  data-view="day"
                  dir="ltr"
                  id="datepicker::r1::cell-trigger:2024-05-01"
                  role="button"
                  tabindex="0"
                  type="button"
                >
                  1
                </button>
              </td>
              <td
                aria-selected="false"
                data-part="table-cell"
                data-scope="date-picker"
                data-value="2024-05-02"
                role="gridcell"
              >
                <button
                  aria-label="Choose torstaina 2. toukokuuta 2024"
                  class="ds:flex ds:justify-center ds:items-center ds:align-center ds:text-body-sm ds:m-3 ds:font-arial ds:size-[28px] ds:sm:size-[32px] ds:hover:underline ds:focus:left-auto ds:capitalize ds:data-selected:bg-secondary-1-50 ds:data-selected:rounded-full ds:cursor-pointer"
                  data-part="table-cell-trigger"
                  data-scope="date-picker"
                  data-value="2024-05-02"
                  data-view="day"
                  dir="ltr"
                  id="datepicker::r1::cell-trigger:2024-05-02"
                  role="button"
                  tabindex="-1"
                  type="button"
                >
                  2
                </button>
              </td>
              <td
                aria-selected="false"
                data-part="table-cell"
                data-scope="date-picker"
                data-value="2024-05-03"
                role="gridcell"
              >
                <button
                  aria-label="Choose perjantaina 3. toukokuuta 2024"
                  class="ds:flex ds:justify-center ds:items-center ds:align-center ds:text-body-sm ds:m-3 ds:font-arial ds:size-[28px] ds:sm:size-[32px] ds:hover:underline ds:focus:left-auto ds:capitalize ds:data-selected:bg-secondary-1-50 ds:data-selected:rounded-full ds:cursor-pointer"
                  data-part="table-cell-trigger"
                  data-scope="date-picker"
                  data-value="2024-05-03"
                  data-view="day"
                  dir="ltr"
                  id="datepicker::r1::cell-trigger:2024-05-03"
                  role="button"
                  tabindex="-1"
                  type="button"
                >
                  3
                </button>
              </td>
              <td
                aria-selected="false"
                data-part="table-cell"
                data-scope="date-picker"
                data-value="2024-05-04"
                role="gridcell"
              >
                <button
                  aria-label="Choose lauantaina 4. toukokuuta 2024"
                  class="ds:flex ds:justify-center ds:items-center ds:align-center ds:text-body-sm ds:m-3 ds:font-arial ds:size-[28px] ds:sm:size-[32px] ds:hover:underline ds:focus:left-auto ds:capitalize ds:data-selected:bg-secondary-1-50 ds:data-selected:rounded-full ds:cursor-pointer"
                  data-part="table-cell-trigger"
                  data-scope="date-picker"
                  data-value="2024-05-04"
                  data-view="day"
                  data-weekend=""
                  dir="ltr"
                  id="datepicker::r1::cell-trigger:2024-05-04"
                  role="button"
                  tabindex="-1"
                  type="button"
                >
                  4
                </button>
              </td>
              <td
                aria-selected="false"
                data-part="table-cell"
                data-scope="date-picker"
                data-value="2024-05-05"
                role="gridcell"
              >
                <button
                  aria-label="Choose sunnuntaina 5. toukokuuta 2024"
                  class="ds:flex ds:justify-center ds:items-center ds:align-center ds:text-body-sm ds:m-3 ds:font-arial ds:size-[28px] ds:sm:size-[32px] ds:hover:underline ds:focus:left-auto ds:capitalize ds:data-selected:bg-secondary-1-50 ds:data-selected:rounded-full ds:cursor-pointer"
                  data-part="table-cell-trigger"
                  data-scope="date-picker"
                  data-value="2024-05-05"
                  data-view="day"
                  data-weekend=""
                  dir="ltr"
                  id="datepicker::r1::cell-trigger:2024-05-05"
                  role="button"
                  tabindex="-1"
                  type="button"
                >
                  5
                </button>
              </td>
            </tr>
            <tr
              data-part="table-row"
              data-scope="date-picker"
              data-view="day"
            >
              <td
                aria-selected="false"
                data-part="table-cell"
                data-scope="date-picker"
                data-value="2024-05-06"
                role="gridcell"
              >
                <button
                  aria-label="Choose maanantaina 6. toukokuuta 2024"
                  class="ds:flex ds:justify-center ds:items-center ds:align-center ds:text-body-sm ds:m-3 ds:font-arial ds:size-[28px] ds:sm:size-[32px] ds:hover:underline ds:focus:left-auto ds:capitalize ds:data-selected:bg-secondary-1-50 ds:data-selected:rounded-full ds:cursor-pointer"
                  data-part="table-cell-trigger"
                  data-scope="date-picker"
                  data-value="2024-05-06"
                  data-view="day"
                  dir="ltr"
                  id="datepicker::r1::cell-trigger:2024-05-06"
                  role="button"
                  tabindex="-1"
                  type="button"
                >
                  6
                </button>
              </td>
              <td
                aria-selected="false"
                data-part="table-cell"
                data-scope="date-picker"
                data-value="2024-05-07"
                role="gridcell"
              >
                <button
                  aria-label="Choose tiistaina 7. toukokuuta 2024"
                  class="ds:flex ds:justify-center ds:items-center ds:align-center ds:text-body-sm ds:m-3 ds:font-arial ds:size-[28px] ds:sm:size-[32px] ds:hover:underline ds:focus:left-auto ds:capitalize ds:data-selected:bg-secondary-1-50 ds:data-selected:rounded-full ds:cursor-pointer"
                  data-part="table-cell-trigger"
                  data-scope="date-picker"
                  data-value="2024-05-07"
                  data-view="day"
                  dir="ltr"
                  id="datepicker::r1::cell-trigger:2024-05-07"
                  role="button"
                  tabindex="-1"
                  type="button"
                >
                  7
                </button>
              </td>
              <td
                aria-selected="false"
                data-part="table-cell"
                data-scope="date-picker"
                data-value="2024-05-08"
                role="gridcell"
              >
                <button
                  aria-label="Choose keskiviikkona 8. toukokuuta 2024"
                  class="ds:flex ds:justify-center ds:items-center ds:align-center ds:text-body-sm ds:m-3 ds:font-arial ds:size-[28px] ds:sm:size-[32px] ds:hover:underline ds:focus:left-auto ds:capitalize ds:data-selected:bg-secondary-1-50 ds:data-selected:rounded-full ds:cursor-pointer"
                  data-part="table-cell-trigger"
                  data-scope="date-picker"
                  data-value="2024-05-08"
                  data-view="day"
                  dir="ltr"
                  id="datepicker::r1::cell-trigger:2024-05-08"
                  role="button"
                  tabindex="-1"
                  type="button"
                >
                  8
                </button>
              </td>
              <td
                aria-selected="false"
                data-part="table-cell"
                data-scope="date-picker"
                data-value="2024-05-09"
                role="gridcell"
              >
                <button
                  aria-label="Choose torstaina 9. toukokuuta 2024"
                  class="ds:flex ds:justify-center ds:items-center ds:align-center ds:text-body-sm ds:m-3 ds:font-arial ds:size-[28px] ds:sm:size-[32px] ds:hover:underline ds:focus:left-auto ds:capitalize ds:data-selected:bg-secondary-1-50 ds:data-selected:rounded-full ds:cursor-pointer"
                  data-part="table-cell-trigger"
                  data-scope="date-picker"
                  data-value="2024-05-09"
                  data-view="day"
                  dir="ltr"
                  id="datepicker::r1::cell-trigger:2024-05-09"
                  role="button"
                  tabindex="-1"
                  type="button"
                >
                  9
                </button>
              </td>
              <td
                aria-selected="false"
                data-part="table-cell"
                data-scope="date-picker"
                data-value="2024-05-10"
                role="gridcell"
              >
                <button
                  aria-label="Choose perjantaina 10. toukokuuta 2024"
                  class="ds:flex ds:justify-center ds:items-center ds:align-center ds:text-body-sm ds:m-3 ds:font-arial ds:size-[28px] ds:sm:size-[32px] ds:hover:underline ds:focus:left-auto ds:capitalize ds:data-selected:bg-secondary-1-50 ds:data-selected:rounded-full ds:cursor-pointer"
                  data-part="table-cell-trigger"
                  data-scope="date-picker"
                  data-value="2024-05-10"
                  data-view="day"
                  dir="ltr"
                  id="datepicker::r1::cell-trigger:2024-05-10"
                  role="button"
                  tabindex="-1"
                  type="button"
                >
                  10
                </button>
              </td>
              <td
                aria-selected="false"
                data-part="table-cell"
                data-scope="date-picker"
                data-value="2024-05-11"
                role="gridcell"
              >
                <button
                  aria-label="Choose lauantaina 11. toukokuuta 2024"
                  class="ds:flex ds:justify-center ds:items-center ds:align-center ds:text-body-sm ds:m-3 ds:font-arial ds:size-[28px] ds:sm:size-[32px] ds:hover:underline ds:focus:left-auto ds:capitalize ds:data-selected:bg-secondary-1-50 ds:data-selected:rounded-full ds:cursor-pointer"
                  data-part="table-cell-trigger"
                  data-scope="date-picker"
                  data-value="2024-05-11"
                  data-view="day"
                  data-weekend=""
                  dir="ltr"
                  id="datepicker::r1::cell-trigger:2024-05-11"
                  role="button"
                  tabindex="-1"
                  type="button"
                >
                  11
                </button>
              </td>
              <td
                aria-selected="false"
                data-part="table-cell"
                data-scope="date-picker"
                data-value="2024-05-12"
                role="gridcell"
              >
                <button
                  aria-label="Choose sunnuntaina 12. toukokuuta 2024"
                  class="ds:flex ds:justify-center ds:items-center ds:align-center ds:text-body-sm ds:m-3 ds:font-arial ds:size-[28px] ds:sm:size-[32px] ds:hover:underline ds:focus:left-auto ds:capitalize ds:data-selected:bg-secondary-1-50 ds:data-selected:rounded-full ds:cursor-pointer"
                  data-part="table-cell-trigger"
                  data-scope="date-picker"
                  data-value="2024-05-12"
                  data-view="day"
                  data-weekend=""
                  dir="ltr"
                  id="datepicker::r1::cell-trigger:2024-05-12"
                  role="button"
                  tabindex="-1"
                  type="button"
                >
                  12
                </button>
              </td>
            </tr>
            <tr
              data-part="table-row"
              data-scope="date-picker"
              data-view="day"
            >
              <td
                aria-selected="false"
                data-part="table-cell"
                data-scope="date-picker"
                data-value="2024-05-13"
                role="gridcell"
              >
                <button
                  aria-label="Choose maanantaina 13. toukokuuta 2024"
                  class="ds:flex ds:justify-center ds:items-center ds:align-center ds:text-body-sm ds:m-3 ds:font-arial ds:size-[28px] ds:sm:size-[32px] ds:hover:underline ds:focus:left-auto ds:capitalize ds:data-selected:bg-secondary-1-50 ds:data-selected:rounded-full ds:cursor-pointer"
                  data-part="table-cell-trigger"
                  data-scope="date-picker"
                  data-value="2024-05-13"
                  data-view="day"
                  dir="ltr"
                  id="datepicker::r1::cell-trigger:2024-05-13"
                  role="button"
                  tabindex="-1"
                  type="button"
                >
                  13
                </button>
              </td>
              <td
                aria-selected="false"
                data-part="table-cell"
                data-scope="date-picker"
                data-value="2024-05-14"
                role="gridcell"
              >
                <button
                  aria-label="Choose tiistaina 14. toukokuuta 2024"
                  class="ds:flex ds:justify-center ds:items-center ds:align-center ds:text-body-sm ds:m-3 ds:font-arial ds:size-[28px] ds:sm:size-[32px] ds:hover:underline ds:focus:left-auto ds:capitalize ds:data-selected:bg-secondary-1-50 ds:data-selected:rounded-full ds:cursor-pointer"
                  data-part="table-cell-trigger"
                  data-scope="date-picker"
                  data-value="2024-05-14"
                  data-view="day"
                  dir="ltr"
                  id="datepicker::r1::cell-trigger:2024-05-14"
                  role="button"
                  tabindex="-1"
                  type="button"
                >
                  14
                </button>
              </td>
              <td
                aria-selected="false"
                data-part="table-cell"
                data-scope="date-picker"
                data-value="2024-05-15"
                role="gridcell"
              >
                <button
                  aria-label="Choose keskiviikkona 15. toukokuuta 2024"
                  class="ds:flex ds:justify-center ds:items-center ds:align-center ds:text-body-sm ds:m-3 ds:font-arial ds:size-[28px] ds:sm:size-[32px] ds:hover:underline ds:focus:left-auto ds:capitalize ds:data-selected:bg-secondary-1-50 ds:data-selected:rounded-full ds:cursor-pointer"
                  data-part="table-cell-trigger"
                  data-scope="date-picker"
                  data-value="2024-05-15"
                  data-view="day"
                  dir="ltr"
                  id="datepicker::r1::cell-trigger:2024-05-15"
                  role="button"
                  tabindex="-1"
                  type="button"
                >
                  15
                </button>
              </td>
              <td
                aria-selected="false"
                data-part="table-cell"
                data-scope="date-picker"
                data-value="2024-05-16"
                role="gridcell"
              >
                <button
                  aria-label="Choose torstaina 16. toukokuuta 2024"
                  class="ds:flex ds:justify-center ds:items-center ds:align-center ds:text-body-sm ds:m-3 ds:font-arial ds:size-[28px] ds:sm:size-[32px] ds:hover:underline ds:focus:left-auto ds:capitalize ds:data-selected:bg-secondary-1-50 ds:data-selected:rounded-full ds:cursor-pointer"
                  data-part="table-cell-trigger"
                  data-scope="date-picker"
                  data-value="2024-05-16"
                  data-view="day"
                  dir="ltr"
                  id="datepicker::r1::cell-trigger:2024-05-16"
                  role="button"
                  tabindex="-1"
                  type="button"
                >
                  16
                </button>
              </td>
              <td
                aria-selected="false"
                data-part="table-cell"
                data-scope="date-picker"
                data-value="2024-05-17"
                role="gridcell"
              >
                <button
                  aria-label="Choose perjantaina 17. toukokuuta 2024"
                  class="ds:flex ds:justify-center ds:items-center ds:align-center ds:text-body-sm ds:m-3 ds:font-arial ds:size-[28px] ds:sm:size-[32px] ds:hover:underline ds:focus:left-auto ds:capitalize ds:data-selected:bg-secondary-1-50 ds:data-selected:rounded-full ds:cursor-pointer"
                  data-part="table-cell-trigger"
                  data-scope="date-picker"
                  data-value="2024-05-17"
                  data-view="day"
                  dir="ltr"
                  id="datepicker::r1::cell-trigger:2024-05-17"
                  role="button"
                  tabindex="-1"
                  type="button"
                >
                  17
                </button>
              </td>
              <td
                aria-selected="false"
                data-part="table-cell"
                data-scope="date-picker"
                data-value="2024-05-18"
                role="gridcell"
              >
                <button
                  aria-label="Choose lauantaina 18. toukokuuta 2024"
                  class="ds:flex ds:justify-center ds:items-center ds:align-center ds:text-body-sm ds:m-3 ds:font-arial ds:size-[28px] ds:sm:size-[32px] ds:hover:underline ds:focus:left-auto ds:capitalize ds:data-selected:bg-secondary-1-50 ds:data-selected:rounded-full ds:cursor-pointer"
                  data-part="table-cell-trigger"
                  data-scope="date-picker"
                  data-value="2024-05-18"
                  data-view="day"
                  data-weekend=""
                  dir="ltr"
                  id="datepicker::r1::cell-trigger:2024-05-18"
                  role="button"
                  tabindex="-1"
                  type="button"
                >
                  18
                </button>
              </td>
              <td
                aria-selected="false"
                data-part="table-cell"
                data-scope="date-picker"
                data-value="2024-05-19"
                role="gridcell"
              >
                <button
                  aria-label="Choose sunnuntaina 19. toukokuuta 2024"
                  class="ds:flex ds:justify-center ds:items-center ds:align-center ds:text-body-sm ds:m-3 ds:font-arial ds:size-[28px] ds:sm:size-[32px] ds:hover:underline ds:focus:left-auto ds:capitalize ds:data-selected:bg-secondary-1-50 ds:data-selected:rounded-full ds:cursor-pointer"
                  data-part="table-cell-trigger"
                  data-scope="date-picker"
                  data-value="2024-05-19"
                  data-view="day"
                  data-weekend=""
                  dir="ltr"
                  id="datepicker::r1::cell-trigger:2024-05-19"
                  role="button"
                  tabindex="-1"
                  type="button"
                >
                  19
                </button>
              </td>
            </tr>
            <tr
              data-part="table-row"
              data-scope="date-picker"
              data-view="day"
            >
              <td
                aria-selected="false"
                data-part="table-cell"
                data-scope="date-picker"
                data-value="2024-05-20"
                role="gridcell"
              >
                <button
                  aria-label="Choose maanantaina 20. toukokuuta 2024"
                  class="ds:flex ds:justify-center ds:items-center ds:align-center ds:text-body-sm ds:m-3 ds:font-arial ds:size-[28px] ds:sm:size-[32px] ds:hover:underline ds:focus:left-auto ds:capitalize ds:data-selected:bg-secondary-1-50 ds:data-selected:rounded-full ds:cursor-pointer"
                  data-part="table-cell-trigger"
                  data-scope="date-picker"
                  data-value="2024-05-20"
                  data-view="day"
                  dir="ltr"
                  id="datepicker::r1::cell-trigger:2024-05-20"
                  role="button"
                  tabindex="-1"
                  type="button"
                >
                  20
                </button>
              </td>
              <td
                aria-selected="false"
                data-part="table-cell"
                data-scope="date-picker"
                data-value="2024-05-21"
                role="gridcell"
              >
                <button
                  aria-label="Choose tiistaina 21. toukokuuta 2024"
                  class="ds:flex ds:justify-center ds:items-center ds:align-center ds:text-body-sm ds:m-3 ds:font-arial ds:size-[28px] ds:sm:size-[32px] ds:hover:underline ds:focus:left-auto ds:capitalize ds:data-selected:bg-secondary-1-50 ds:data-selected:rounded-full ds:cursor-pointer"
                  data-part="table-cell-trigger"
                  data-scope="date-picker"
                  data-value="2024-05-21"
                  data-view="day"
                  dir="ltr"
                  id="datepicker::r1::cell-trigger:2024-05-21"
                  role="button"
                  tabindex="-1"
                  type="button"
                >
                  21
                </button>
              </td>
              <td
                aria-selected="false"
                data-part="table-cell"
                data-scope="date-picker"
                data-value="2024-05-22"
                role="gridcell"
              >
                <button
                  aria-label="Choose keskiviikkona 22. toukokuuta 2024"
                  class="ds:flex ds:justify-center ds:items-center ds:align-center ds:text-body-sm ds:m-3 ds:font-arial ds:size-[28px] ds:sm:size-[32px] ds:hover:underline ds:focus:left-auto ds:capitalize ds:data-selected:bg-secondary-1-50 ds:data-selected:rounded-full ds:cursor-pointer"
                  data-part="table-cell-trigger"
                  data-scope="date-picker"
                  data-value="2024-05-22"
                  data-view="day"
                  dir="ltr"
                  id="datepicker::r1::cell-trigger:2024-05-22"
                  role="button"
                  tabindex="-1"
                  type="button"
                >
                  22
                </button>
              </td>
              <td
                aria-selected="false"
                data-part="table-cell"
                data-scope="date-picker"
                data-value="2024-05-23"
                role="gridcell"
              >
                <button
                  aria-label="Choose torstaina 23. toukokuuta 2024"
                  class="ds:flex ds:justify-center ds:items-center ds:align-center ds:text-body-sm ds:m-3 ds:font-arial ds:size-[28px] ds:sm:size-[32px] ds:hover:underline ds:focus:left-auto ds:capitalize ds:data-selected:bg-secondary-1-50 ds:data-selected:rounded-full ds:cursor-pointer"
                  data-part="table-cell-trigger"
                  data-scope="date-picker"
                  data-value="2024-05-23"
                  data-view="day"
                  dir="ltr"
                  id="datepicker::r1::cell-trigger:2024-05-23"
                  role="button"
                  tabindex="-1"
                  type="button"
                >
                  23
                </button>
              </td>
              <td
                aria-selected="false"
                data-part="table-cell"
                data-scope="date-picker"
                data-value="2024-05-24"
                role="gridcell"
              >
                <button
                  aria-label="Choose perjantaina 24. toukokuuta 2024"
                  class="ds:flex ds:justify-center ds:items-center ds:align-center ds:text-body-sm ds:m-3 ds:font-arial ds:size-[28px] ds:sm:size-[32px] ds:hover:underline ds:focus:left-auto ds:capitalize ds:data-selected:bg-secondary-1-50 ds:data-selected:rounded-full ds:cursor-pointer"
                  data-part="table-cell-trigger"
                  data-scope="date-picker"
                  data-value="2024-05-24"
                  data-view="day"
                  dir="ltr"
                  id="datepicker::r1::cell-trigger:2024-05-24"
                  role="button"
                  tabindex="-1"
                  type="button"
                >
                  24
                </button>
              </td>
              <td
                aria-selected="false"
                data-part="table-cell"
                data-scope="date-picker"
                data-value="2024-05-25"
                role="gridcell"
              >
                <button
                  aria-label="Choose lauantaina 25. toukokuuta 2024"
                  class="ds:flex ds:justify-center ds:items-center ds:align-center ds:text-body-sm ds:m-3 ds:font-arial ds:size-[28px] ds:sm:size-[32px] ds:hover:underline ds:focus:left-auto ds:capitalize ds:data-selected:bg-secondary-1-50 ds:data-selected:rounded-full ds:cursor-pointer"
                  data-part="table-cell-trigger"
                  data-scope="date-picker"
                  data-value="2024-05-25"
                  data-view="day"
                  data-weekend=""
                  dir="ltr"
                  id="datepicker::r1::cell-trigger:2024-05-25"
                  role="button"
                  tabindex="-1"
                  type="button"
                >
                  25
                </button>
              </td>
              <td
                aria-selected="false"
                data-part="table-cell"
                data-scope="date-picker"
                data-value="2024-05-26"
                role="gridcell"
              >
                <button
                  aria-label="Choose sunnuntaina 26. toukokuuta 2024"
                  class="ds:flex ds:justify-center ds:items-center ds:align-center ds:text-body-sm ds:m-3 ds:font-arial ds:size-[28px] ds:sm:size-[32px] ds:hover:underline ds:focus:left-auto ds:capitalize ds:data-selected:bg-secondary-1-50 ds:data-selected:rounded-full ds:cursor-pointer"
                  data-part="table-cell-trigger"
                  data-scope="date-picker"
                  data-value="2024-05-26"
                  data-view="day"
                  data-weekend=""
                  dir="ltr"
                  id="datepicker::r1::cell-trigger:2024-05-26"
                  role="button"
                  tabindex="-1"
                  type="button"
                >
                  26
                </button>
              </td>
            </tr>
            <tr
              data-part="table-row"
              data-scope="date-picker"
              data-view="day"
            >
              <td
                aria-selected="false"
                data-part="table-cell"
                data-scope="date-picker"
                data-value="2024-05-27"
                role="gridcell"
              >
                <button
                  aria-label="Choose maanantaina 27. toukokuuta 2024"
                  class="ds:flex ds:justify-center ds:items-center ds:align-center ds:text-body-sm ds:m-3 ds:font-arial ds:size-[28px] ds:sm:size-[32px] ds:hover:underline ds:focus:left-auto ds:capitalize ds:data-selected:bg-secondary-1-50 ds:data-selected:rounded-full ds:cursor-pointer"
                  data-part="table-cell-trigger"
                  data-scope="date-picker"
                  data-value="2024-05-27"
                  data-view="day"
                  dir="ltr"
                  id="datepicker::r1::cell-trigger:2024-05-27"
                  role="button"
                  tabindex="-1"
                  type="button"
                >
                  27
                </button>
              </td>
              <td
                aria-selected="false"
                data-part="table-cell"
                data-scope="date-picker"
                data-value="2024-05-28"
                role="gridcell"
              >
                <button
                  aria-label="Choose tiistaina 28. toukokuuta 2024"
                  class="ds:flex ds:justify-center ds:items-center ds:align-center ds:text-body-sm ds:m-3 ds:font-arial ds:size-[28px] ds:sm:size-[32px] ds:hover:underline ds:focus:left-auto ds:capitalize ds:data-selected:bg-secondary-1-50 ds:data-selected:rounded-full ds:cursor-pointer"
                  data-part="table-cell-trigger"
                  data-scope="date-picker"
                  data-value="2024-05-28"
                  data-view="day"
                  dir="ltr"
                  id="datepicker::r1::cell-trigger:2024-05-28"
                  role="button"
                  tabindex="-1"
                  type="button"
                >
                  28
                </button>
              </td>
              <td
                aria-selected="false"
                data-part="table-cell"
                data-scope="date-picker"
                data-value="2024-05-29"
                role="gridcell"
              >
                <button
                  aria-label="Choose keskiviikkona 29. toukokuuta 2024"
                  class="ds:flex ds:justify-center ds:items-center ds:align-center ds:text-body-sm ds:m-3 ds:font-arial ds:size-[28px] ds:sm:size-[32px] ds:hover:underline ds:focus:left-auto ds:capitalize ds:data-selected:bg-secondary-1-50 ds:data-selected:rounded-full ds:cursor-pointer"
                  data-part="table-cell-trigger"
                  data-scope="date-picker"
                  data-value="2024-05-29"
                  data-view="day"
                  dir="ltr"
                  id="datepicker::r1::cell-trigger:2024-05-29"
                  role="button"
                  tabindex="-1"
                  type="button"
                >
                  29
                </button>
              </td>
              <td
                aria-selected="false"
                data-part="table-cell"
                data-scope="date-picker"
                data-value="2024-05-30"
                role="gridcell"
              >
                <button
                  aria-label="Choose torstaina 30. toukokuuta 2024"
                  class="ds:flex ds:justify-center ds:items-center ds:align-center ds:text-body-sm ds:m-3 ds:font-arial ds:size-[28px] ds:sm:size-[32px] ds:hover:underline ds:focus:left-auto ds:capitalize ds:data-selected:bg-secondary-1-50 ds:data-selected:rounded-full ds:cursor-pointer"
                  data-part="table-cell-trigger"
                  data-scope="date-picker"
                  data-value="2024-05-30"
                  data-view="day"
                  dir="ltr"
                  id="datepicker::r1::cell-trigger:2024-05-30"
                  role="button"
                  tabindex="-1"
                  type="button"
                >
                  30
                </button>
              </td>
              <td
                aria-selected="false"
                data-part="table-cell"
                data-scope="date-picker"
                data-value="2024-05-31"
                role="gridcell"
              >
                <button
                  aria-label="Choose perjantaina 31. toukokuuta 2024"
                  class="ds:flex ds:justify-center ds:items-center ds:align-center ds:text-body-sm ds:m-3 ds:font-arial ds:size-[28px] ds:sm:size-[32px] ds:hover:underline ds:focus:left-auto ds:capitalize ds:data-selected:bg-secondary-1-50 ds:data-selected:rounded-full ds:cursor-pointer"
                  data-part="table-cell-trigger"
                  data-scope="date-picker"
                  data-value="2024-05-31"
                  data-view="day"
                  dir="ltr"
                  id="datepicker::r1::cell-trigger:2024-05-31"
                  role="button"
                  tabindex="-1"
                  type="button"
                >
                  31
                </button>
              </td>
              <td
                aria-disabled="true"
                aria-selected="false"
                data-part="table-cell"
                data-scope="date-picker"
                data-value="2024-06-01"
                role="gridcell"
              >
                <button
                  aria-disabled="true"
                  aria-label="Choose lauantaina 1. kesäkuuta 2024"
                  class="ds:flex ds:justify-center ds:items-center ds:align-center ds:m-3 ds:font-arial ds:size-[28px] ds:sm:size-[32px] ds:hover:underline ds:focus:left-auto ds:capitalize ds:data-selected:bg-secondary-1-50 ds:data-selected:rounded-full ds:text-inactive-gray ds:cursor-pointer"
                  data-disabled=""
                  data-outside-range=""
                  data-part="table-cell-trigger"
                  data-scope="date-picker"
                  data-value="2024-06-01"
                  data-view="day"
                  data-weekend=""
                  dir="ltr"
                  id="datepicker::r1::cell-trigger:2024-06-01"
                  role="button"
                  tabindex="-1"
                  type="button"
                >
                  1
                </button>
              </td>
              <td
                aria-disabled="true"
                aria-selected="false"
                data-part="table-cell"
                data-scope="date-picker"
                data-value="2024-06-02"
                role="gridcell"
              >
                <button
                  aria-disabled="true"
                  aria-label="Choose sunnuntaina 2. kesäkuuta 2024"
                  class="ds:flex ds:justify-center ds:items-center ds:align-center ds:m-3 ds:font-arial ds:size-[28px] ds:sm:size-[32px] ds:hover:underline ds:focus:left-auto ds:capitalize ds:data-selected:bg-secondary-1-50 ds:data-selected:rounded-full ds:text-inactive-gray ds:cursor-pointer"
                  data-disabled=""
                  data-outside-range=""
                  data-part="table-cell-trigger"
                  data-scope="date-picker"
                  data-value="2024-06-02"
                  data-view="day"
                  data-weekend=""
                  dir="ltr"
                  id="datepicker::r1::cell-trigger:2024-06-02"
                  role="button"
                  tabindex="-1"
                  type="button"
                >
                  2
                </button>
              </td>
            </tr>
          </tbody>
        </table>
      </div>
      <div
        data-part="view"
        data-scope="date-picker"
        hidden=""
      >
        <div
          class="ds:mb-4 ds:flex ds:justify-between"
          data-part="view-control"
          data-scope="date-picker"
          data-view="month"
          dir="ltr"
        >
          <button
            aria-label="Switch to previous year"
            class="ds:text-accent ds:px-3"
            data-part="prev-trigger"
            data-scope="date-picker"
            dir="ltr"
            id="datepicker::r1::prev:month"
            type="button"
          >
            <svg
              fill="currentColor"
              height="24"
              stroke="currentColor"
              stroke-width="0"
              viewBox="0 0 24 24"
              width="24"
              xmlns="http://www.w3.org/2000/svg"
            >
              <path
                d="M0 0h24v24H0z"
                fill="none"
              />
              <path
                d="M20 11H7.83l5.59-5.59L12 4l-8 8 8 8 1.41-1.41L7.83 13H20v-2z"
              />
            </svg>
          </button>
          <button
            aria-label="Switch to year view"
            data-part="view-trigger"
            data-scope="date-picker"
            data-view="month"
            dir="ltr"
            id="datepicker::r1::view:month"
            type="button"
          >
            <div
              class="ds:capitalize ds:font-bold"
              data-part="range-text"
              data-scope="date-picker"
              dir="ltr"
            >
              toukokuu 2024
            </div>
          </button>
          <button
            aria-label="Switch to next year"
            class="ds:text-accent ds:px-3"
            data-part="next-trigger"
            data-scope="date-picker"
            dir="ltr"
            id="datepicker::r1::next:month"
            type="button"
          >
            <svg
              fill="currentColor"
              height="24"
              stroke="currentColor"
              stroke-width="0"
              viewBox="0 0 24 24"
              width="24"
              xmlns="http://www.w3.org/2000/svg"
            >
              <path
                d="M0 0h24v24H0z"
                fill="none"
              />
              <path
                d="m12 4-1.41 1.41L16.17 11H4v2h12.17l-5.58 5.59L12 20l8-8z"
              />
            </svg>
          </button>
        </div>
        <table
          aria-roledescription="calendar year"
          data-columns="4"
          data-part="table"
          data-scope="date-picker"
          data-view="month"
          dir="ltr"
          id="datepicker::r1::table:month :r3:"
          role="grid"
          tabindex="-1"
        >
          <tbody
            data-part="table-body"
            data-scope="date-picker"
            data-view="month"
          >
            <tr
              data-part="table-row"
              data-scope="date-picker"
              data-view="month"
            >
              <td
                data-part="table-cell"
                data-scope="date-picker"
                data-value="1"
                dir="ltr"
                role="gridcell"
              >
                <div
                  aria-label="tammikuu 2024"
                  class="ds:flex ds:justify-center ds:items-center ds:align-center ds:text-body-sm ds:m-3 ds:font-arial ds:size-[28px] ds:sm:size-[32px] ds:hover:underline ds:focus:left-auto ds:capitalize ds:data-selected:bg-secondary-1-50 ds:data-selected:rounded-full"
                  data-part="table-cell-trigger"
                  data-scope="date-picker"
                  data-value="1"
                  data-view="month"
                  dir="ltr"
                  id="datepicker::r1::cell-trigger:1"
                  role="button"
                  tabindex="-1"
                >
                  <button
                    class="ds:cursor-pointer"
                    type="button"
                  >
                    tammi
                  </button>
                </div>
              </td>
              <td
                data-part="table-cell"
                data-scope="date-picker"
                data-value="2"
                dir="ltr"
                role="gridcell"
              >
                <div
                  aria-label="helmikuu 2024"
                  class="ds:flex ds:justify-center ds:items-center ds:align-center ds:text-body-sm ds:m-3 ds:font-arial ds:size-[28px] ds:sm:size-[32px] ds:hover:underline ds:focus:left-auto ds:capitalize ds:data-selected:bg-secondary-1-50 ds:data-selected:rounded-full"
                  data-part="table-cell-trigger"
                  data-scope="date-picker"
                  data-value="2"
                  data-view="month"
                  dir="ltr"
                  id="datepicker::r1::cell-trigger:2"
                  role="button"
                  tabindex="-1"
                >
                  <button
                    class="ds:cursor-pointer"
                    type="button"
                  >
                    helmi
                  </button>
                </div>
              </td>
              <td
                data-part="table-cell"
                data-scope="date-picker"
                data-value="3"
                dir="ltr"
                role="gridcell"
              >
                <div
                  aria-label="maaliskuu 2024"
                  class="ds:flex ds:justify-center ds:items-center ds:align-center ds:text-body-sm ds:m-3 ds:font-arial ds:size-[28px] ds:sm:size-[32px] ds:hover:underline ds:focus:left-auto ds:capitalize ds:data-selected:bg-secondary-1-50 ds:data-selected:rounded-full"
                  data-part="table-cell-trigger"
                  data-scope="date-picker"
                  data-value="3"
                  data-view="month"
                  dir="ltr"
                  id="datepicker::r1::cell-trigger:3"
                  role="button"
                  tabindex="-1"
                >
                  <button
                    class="ds:cursor-pointer"
                    type="button"
                  >
                    maalis
                  </button>
                </div>
              </td>
              <td
                data-part="table-cell"
                data-scope="date-picker"
                data-value="4"
                dir="ltr"
                role="gridcell"
              >
                <div
                  aria-label="huhtikuu 2024"
                  class="ds:flex ds:justify-center ds:items-center ds:align-center ds:text-body-sm ds:m-3 ds:font-arial ds:size-[28px] ds:sm:size-[32px] ds:hover:underline ds:focus:left-auto ds:capitalize ds:data-selected:bg-secondary-1-50 ds:data-selected:rounded-full"
                  data-part="table-cell-trigger"
                  data-scope="date-picker"
                  data-value="4"
                  data-view="month"
                  dir="ltr"
                  id="datepicker::r1::cell-trigger:4"
                  role="button"
                  tabindex="-1"
                >
                  <button
                    class="ds:cursor-pointer"
                    type="button"
                  >
                    huhti
                  </button>
                </div>
              </td>
            </tr>
            <tr
              data-part="table-row"
              data-scope="date-picker"
              data-view="month"
            >
              <td
                aria-selected="true"
                data-part="table-cell"
                data-scope="date-picker"
                data-selected=""
                data-value="5"
                dir="ltr"
                role="gridcell"
              >
                <div
                  aria-label="toukokuu 2024"
                  class="ds:flex ds:justify-center ds:items-center ds:align-center ds:text-body-sm ds:m-3 ds:font-arial ds:size-[28px] ds:sm:size-[32px] ds:hover:underline ds:focus:left-auto ds:capitalize ds:data-selected:bg-secondary-1-50 ds:data-selected:rounded-full"
                  data-focus=""
                  data-part="table-cell-trigger"
                  data-scope="date-picker"
                  data-selected=""
                  data-value="5"
                  data-view="month"
                  dir="ltr"
                  id="datepicker::r1::cell-trigger:5"
                  role="button"
                  tabindex="0"
                >
                  <button
                    class="ds:cursor-pointer"
                    type="button"
                  >
                    touko
                  </button>
                </div>
              </td>
              <td
                data-part="table-cell"
                data-scope="date-picker"
                data-value="6"
                dir="ltr"
                role="gridcell"
              >
                <div
                  aria-label="kesäkuu 2024"
                  class="ds:flex ds:justify-center ds:items-center ds:align-center ds:text-body-sm ds:m-3 ds:font-arial ds:size-[28px] ds:sm:size-[32px] ds:hover:underline ds:focus:left-auto ds:capitalize ds:data-selected:bg-secondary-1-50 ds:data-selected:rounded-full"
                  data-part="table-cell-trigger"
                  data-scope="date-picker"
                  data-value="6"
                  data-view="month"
                  dir="ltr"
                  id="datepicker::r1::cell-trigger:6"
                  role="button"
                  tabindex="-1"
                >
                  <button
                    class="ds:cursor-pointer"
                    type="button"
                  >
                    kesä
                  </button>
                </div>
              </td>
              <td
                data-part="table-cell"
                data-scope="date-picker"
                data-value="7"
                dir="ltr"
                role="gridcell"
              >
                <div
                  aria-label="heinäkuu 2024"
                  class="ds:flex ds:justify-center ds:items-center ds:align-center ds:text-body-sm ds:m-3 ds:font-arial ds:size-[28px] ds:sm:size-[32px] ds:hover:underline ds:focus:left-auto ds:capitalize ds:data-selected:bg-secondary-1-50 ds:data-selected:rounded-full"
                  data-part="table-cell-trigger"
                  data-scope="date-picker"
                  data-value="7"
                  data-view="month"
                  dir="ltr"
                  id="datepicker::r1::cell-trigger:7"
                  role="button"
                  tabindex="-1"
                >
                  <button
                    class="ds:cursor-pointer"
                    type="button"
                  >
                    heinä
                  </button>
                </div>
              </td>
              <td
                data-part="table-cell"
                data-scope="date-picker"
                data-value="8"
                dir="ltr"
                role="gridcell"
              >
                <div
                  aria-label="elokuu 2024"
                  class="ds:flex ds:justify-center ds:items-center ds:align-center ds:text-body-sm ds:m-3 ds:font-arial ds:size-[28px] ds:sm:size-[32px] ds:hover:underline ds:focus:left-auto ds:capitalize ds:data-selected:bg-secondary-1-50 ds:data-selected:rounded-full"
                  data-part="table-cell-trigger"
                  data-scope="date-picker"
                  data-value="8"
                  data-view="month"
                  dir="ltr"
                  id="datepicker::r1::cell-trigger:8"
                  role="button"
                  tabindex="-1"
                >
                  <button
                    class="ds:cursor-pointer"
                    type="button"
                  >
                    elo
                  </button>
                </div>
              </td>
            </tr>
            <tr
              data-part="table-row"
              data-scope="date-picker"
              data-view="month"
            >
              <td
                data-part="table-cell"
                data-scope="date-picker"
                data-value="9"
                dir="ltr"
                role="gridcell"
              >
                <div
                  aria-label="syyskuu 2024"
                  class="ds:flex ds:justify-center ds:items-center ds:align-center ds:text-body-sm ds:m-3 ds:font-arial ds:size-[28px] ds:sm:size-[32px] ds:hover:underline ds:focus:left-auto ds:capitalize ds:data-selected:bg-secondary-1-50 ds:data-selected:rounded-full"
                  data-part="table-cell-trigger"
                  data-scope="date-picker"
                  data-value="9"
                  data-view="month"
                  dir="ltr"
                  id="datepicker::r1::cell-trigger:9"
                  role="button"
                  tabindex="-1"
                >
                  <button
                    class="ds:cursor-pointer"
                    type="button"
                  >
                    syys
                  </button>
                </div>
              </td>
              <td
                data-part="table-cell"
                data-scope="date-picker"
                data-value="10"
                dir="ltr"
                role="gridcell"
              >
                <div
                  aria-label="lokakuu 2024"
                  class="ds:flex ds:justify-center ds:items-center ds:align-center ds:text-body-sm ds:m-3 ds:font-arial ds:size-[28px] ds:sm:size-[32px] ds:hover:underline ds:focus:left-auto ds:capitalize ds:data-selected:bg-secondary-1-50 ds:data-selected:rounded-full"
                  data-part="table-cell-trigger"
                  data-scope="date-picker"
                  data-value="10"
                  data-view="month"
                  dir="ltr"
                  id="datepicker::r1::cell-trigger:10"
                  role="button"
                  tabindex="-1"
                >
                  <button
                    class="ds:cursor-pointer"
                    type="button"
                  >
                    loka
                  </button>
                </div>
              </td>
              <td
                data-part="table-cell"
                data-scope="date-picker"
                data-value="11"
                dir="ltr"
                role="gridcell"
              >
                <div
                  aria-label="marraskuu 2024"
                  class="ds:flex ds:justify-center ds:items-center ds:align-center ds:text-body-sm ds:m-3 ds:font-arial ds:size-[28px] ds:sm:size-[32px] ds:hover:underline ds:focus:left-auto ds:capitalize ds:data-selected:bg-secondary-1-50 ds:data-selected:rounded-full"
                  data-part="table-cell-trigger"
                  data-scope="date-picker"
                  data-value="11"
                  data-view="month"
                  dir="ltr"
                  id="datepicker::r1::cell-trigger:11"
                  role="button"
                  tabindex="-1"
                >
                  <button
                    class="ds:cursor-pointer"
                    type="button"
                  >
                    marras
                  </button>
                </div>
              </td>
              <td
                data-part="table-cell"
                data-scope="date-picker"
                data-value="12"
                dir="ltr"
                role="gridcell"
              >
                <div
                  aria-label="joulukuu 2024"
                  class="ds:flex ds:justify-center ds:items-center ds:align-center ds:text-body-sm ds:m-3 ds:font-arial ds:size-[28px] ds:sm:size-[32px] ds:hover:underline ds:focus:left-auto ds:capitalize ds:data-selected:bg-secondary-1-50 ds:data-selected:rounded-full"
                  data-part="table-cell-trigger"
                  data-scope="date-picker"
                  data-value="12"
                  data-view="month"
                  dir="ltr"
                  id="datepicker::r1::cell-trigger:12"
                  role="button"
                  tabindex="-1"
                >
                  <button
                    class="ds:cursor-pointer"
                    type="button"
                  >
                    joulu
                  </button>
                </div>
              </td>
            </tr>
          </tbody>
        </table>
      </div>
      <div
        data-part="view"
        data-scope="date-picker"
        hidden=""
      >
        <div
          class="ds:mb-4 ds:flex ds:justify-between"
          data-part="view-control"
          data-scope="date-picker"
          data-view="year"
          dir="ltr"
        >
          <button
            aria-label="Switch to previous decade"
            class="ds:text-accent ds:px-3"
            data-part="prev-trigger"
            data-scope="date-picker"
            dir="ltr"
            id="datepicker::r1::prev:year"
            type="button"
          >
            <svg
              fill="currentColor"
              height="24"
              stroke="currentColor"
              stroke-width="0"
              viewBox="0 0 24 24"
              width="24"
              xmlns="http://www.w3.org/2000/svg"
            >
              <path
                d="M0 0h24v24H0z"
                fill="none"
              />
              <path
                d="M20 11H7.83l5.59-5.59L12 4l-8 8 8 8 1.41-1.41L7.83 13H20v-2z"
              />
            </svg>
          </button>
          <button
            aria-label="Switch to day view"
            data-part="view-trigger"
            data-scope="date-picker"
            data-view="year"
            dir="ltr"
            id="datepicker::r1::view:year"
            type="button"
          >
            <div
              class="ds:capitalize ds:font-bold"
              data-part="range-text"
              data-scope="date-picker"
              dir="ltr"
            >
              toukokuu 2024
            </div>
          </button>
          <button
            aria-label="Switch to next decade"
            class="ds:text-accent ds:px-3"
            data-part="next-trigger"
            data-scope="date-picker"
            dir="ltr"
            id="datepicker::r1::next:year"
            type="button"
          >
            <svg
              fill="currentColor"
              height="24"
              stroke="currentColor"
              stroke-width="0"
              viewBox="0 0 24 24"
              width="24"
              xmlns="http://www.w3.org/2000/svg"
            >
              <path
                d="M0 0h24v24H0z"
                fill="none"
              />
              <path
                d="m12 4-1.41 1.41L16.17 11H4v2h12.17l-5.58 5.59L12 20l8-8z"
              />
            </svg>
          </button>
        </div>
        <table
          aria-roledescription="calendar decade"
          data-columns="4"
          data-part="table"
          data-scope="date-picker"
          data-view="year"
          dir="ltr"
          id="datepicker::r1::table:year :r4:"
          role="grid"
          tabindex="-1"
        >
          <tbody
            data-part="table-body"
            data-scope="date-picker"
            data-view="year"
          >
            <tr
              data-part="table-row"
              data-scope="date-picker"
              data-view="year"
            >
              <td
                data-part="table-cell"
                data-scope="date-picker"
                data-value="2019"
                dir="ltr"
                role="gridcell"
              >
                <button
                  aria-label="2019"
                  class="ds:flex ds:justify-center ds:items-center ds:align-center ds:text-body-sm ds:m-3 ds:font-arial ds:size-[28px] ds:sm:size-[32px] ds:hover:underline ds:focus:left-auto ds:capitalize ds:data-selected:bg-secondary-1-50 ds:data-selected:rounded-full ds:cursor-pointer"
                  data-part="table-cell-trigger"
                  data-scope="date-picker"
                  data-value="2019"
                  data-view="year"
                  dir="ltr"
                  id="datepicker::r1::cell-trigger:2019"
                  role="button"
                  tabindex="-1"
                  type="button"
                >
                  2019
                </button>
              </td>
              <td
                data-part="table-cell"
                data-scope="date-picker"
                data-value="2020"
                dir="ltr"
                role="gridcell"
              >
                <button
                  aria-label="2020"
                  class="ds:flex ds:justify-center ds:items-center ds:align-center ds:text-body-sm ds:m-3 ds:font-arial ds:size-[28px] ds:sm:size-[32px] ds:hover:underline ds:focus:left-auto ds:capitalize ds:data-selected:bg-secondary-1-50 ds:data-selected:rounded-full ds:cursor-pointer"
                  data-part="table-cell-trigger"
                  data-scope="date-picker"
                  data-value="2020"
                  data-view="year"
                  dir="ltr"
                  id="datepicker::r1::cell-trigger:2020"
                  role="button"
                  tabindex="-1"
                  type="button"
                >
                  2020
                </button>
              </td>
              <td
                data-part="table-cell"
                data-scope="date-picker"
                data-value="2021"
                dir="ltr"
                role="gridcell"
              >
                <button
                  aria-label="2021"
                  class="ds:flex ds:justify-center ds:items-center ds:align-center ds:text-body-sm ds:m-3 ds:font-arial ds:size-[28px] ds:sm:size-[32px] ds:hover:underline ds:focus:left-auto ds:capitalize ds:data-selected:bg-secondary-1-50 ds:data-selected:rounded-full ds:cursor-pointer"
                  data-part="table-cell-trigger"
                  data-scope="date-picker"
                  data-value="2021"
                  data-view="year"
                  dir="ltr"
                  id="datepicker::r1::cell-trigger:2021"
                  role="button"
                  tabindex="-1"
                  type="button"
                >
                  2021
                </button>
              </td>
              <td
                data-part="table-cell"
                data-scope="date-picker"
                data-value="2022"
                dir="ltr"
                role="gridcell"
              >
                <button
                  aria-label="2022"
                  class="ds:flex ds:justify-center ds:items-center ds:align-center ds:text-body-sm ds:m-3 ds:font-arial ds:size-[28px] ds:sm:size-[32px] ds:hover:underline ds:focus:left-auto ds:capitalize ds:data-selected:bg-secondary-1-50 ds:data-selected:rounded-full ds:cursor-pointer"
                  data-part="table-cell-trigger"
                  data-scope="date-picker"
                  data-value="2022"
                  data-view="year"
                  dir="ltr"
                  id="datepicker::r1::cell-trigger:2022"
                  role="button"
                  tabindex="-1"
                  type="button"
                >
                  2022
                </button>
              </td>
            </tr>
            <tr
              data-part="table-row"
              data-scope="date-picker"
              data-view="year"
            >
              <td
                data-part="table-cell"
                data-scope="date-picker"
                data-value="2023"
                dir="ltr"
                role="gridcell"
              >
                <button
                  aria-label="2023"
                  class="ds:flex ds:justify-center ds:items-center ds:align-center ds:text-body-sm ds:m-3 ds:font-arial ds:size-[28px] ds:sm:size-[32px] ds:hover:underline ds:focus:left-auto ds:capitalize ds:data-selected:bg-secondary-1-50 ds:data-selected:rounded-full ds:cursor-pointer"
                  data-part="table-cell-trigger"
                  data-scope="date-picker"
                  data-value="2023"
                  data-view="year"
                  dir="ltr"
                  id="datepicker::r1::cell-trigger:2023"
                  role="button"
                  tabindex="-1"
                  type="button"
                >
                  2023
                </button>
              </td>
              <td
                aria-selected="true"
                data-part="table-cell"
                data-scope="date-picker"
                data-selected=""
                data-value="2024"
                dir="ltr"
                role="gridcell"
              >
                <button
                  aria-label="2024"
                  class="ds:flex ds:justify-center ds:items-center ds:align-center ds:text-body-sm ds:m-3 ds:font-arial ds:size-[28px] ds:sm:size-[32px] ds:hover:underline ds:focus:left-auto ds:capitalize ds:data-selected:bg-secondary-1-50 ds:data-selected:rounded-full ds:cursor-pointer"
                  data-focus=""
                  data-part="table-cell-trigger"
                  data-scope="date-picker"
                  data-selected=""
                  data-value="2024"
                  data-view="year"
                  dir="ltr"
                  id="datepicker::r1::cell-trigger:2024"
                  role="button"
                  tabindex="0"
                  type="button"
                >
                  2024
                </button>
              </td>
              <td
                data-part="table-cell"
                data-scope="date-picker"
                data-value="2025"
                dir="ltr"
                role="gridcell"
              >
                <button
                  aria-label="2025"
                  class="ds:flex ds:justify-center ds:items-center ds:align-center ds:text-body-sm ds:m-3 ds:font-arial ds:size-[28px] ds:sm:size-[32px] ds:hover:underline ds:focus:left-auto ds:capitalize ds:data-selected:bg-secondary-1-50 ds:data-selected:rounded-full ds:cursor-pointer"
                  data-part="table-cell-trigger"
                  data-scope="date-picker"
                  data-value="2025"
                  data-view="year"
                  dir="ltr"
                  id="datepicker::r1::cell-trigger:2025"
                  role="button"
                  tabindex="-1"
                  type="button"
                >
                  2025
                </button>
              </td>
              <td
                data-part="table-cell"
                data-scope="date-picker"
                data-value="2026"
                dir="ltr"
                role="gridcell"
              >
                <button
                  aria-label="2026"
                  class="ds:flex ds:justify-center ds:items-center ds:align-center ds:text-body-sm ds:m-3 ds:font-arial ds:size-[28px] ds:sm:size-[32px] ds:hover:underline ds:focus:left-auto ds:capitalize ds:data-selected:bg-secondary-1-50 ds:data-selected:rounded-full ds:cursor-pointer"
                  data-part="table-cell-trigger"
                  data-scope="date-picker"
                  data-value="2026"
                  data-view="year"
                  dir="ltr"
                  id="datepicker::r1::cell-trigger:2026"
                  role="button"
                  tabindex="-1"
                  type="button"
                >
                  2026
                </button>
              </td>
            </tr>
            <tr
              data-part="table-row"
              data-scope="date-picker"
              data-view="year"
            >
              <td
                data-part="table-cell"
                data-scope="date-picker"
                data-value="2027"
                dir="ltr"
                role="gridcell"
              >
                <button
                  aria-label="2027"
                  class="ds:flex ds:justify-center ds:items-center ds:align-center ds:text-body-sm ds:m-3 ds:font-arial ds:size-[28px] ds:sm:size-[32px] ds:hover:underline ds:focus:left-auto ds:capitalize ds:data-selected:bg-secondary-1-50 ds:data-selected:rounded-full ds:cursor-pointer"
                  data-part="table-cell-trigger"
                  data-scope="date-picker"
                  data-value="2027"
                  data-view="year"
                  dir="ltr"
                  id="datepicker::r1::cell-trigger:2027"
                  role="button"
                  tabindex="-1"
                  type="button"
                >
                  2027
                </button>
              </td>
              <td
                data-part="table-cell"
                data-scope="date-picker"
                data-value="2028"
                dir="ltr"
                role="gridcell"
              >
                <button
                  aria-label="2028"
                  class="ds:flex ds:justify-center ds:items-center ds:align-center ds:text-body-sm ds:m-3 ds:font-arial ds:size-[28px] ds:sm:size-[32px] ds:hover:underline ds:focus:left-auto ds:capitalize ds:data-selected:bg-secondary-1-50 ds:data-selected:rounded-full ds:cursor-pointer"
                  data-part="table-cell-trigger"
                  data-scope="date-picker"
                  data-value="2028"
                  data-view="year"
                  dir="ltr"
                  id="datepicker::r1::cell-trigger:2028"
                  role="button"
                  tabindex="-1"
                  type="button"
                >
                  2028
                </button>
              </td>
              <td
                data-part="table-cell"
                data-scope="date-picker"
                data-value="2029"
                dir="ltr"
                role="gridcell"
              >
                <button
                  aria-label="2029"
                  class="ds:flex ds:justify-center ds:items-center ds:align-center ds:text-body-sm ds:m-3 ds:font-arial ds:size-[28px] ds:sm:size-[32px] ds:hover:underline ds:focus:left-auto ds:capitalize ds:data-selected:bg-secondary-1-50 ds:data-selected:rounded-full ds:cursor-pointer"
                  data-part="table-cell-trigger"
                  data-scope="date-picker"
                  data-value="2029"
                  data-view="year"
                  dir="ltr"
                  id="datepicker::r1::cell-trigger:2029"
                  role="button"
                  tabindex="-1"
                  type="button"
                >
                  2029
                </button>
              </td>
              <td
                data-part="table-cell"
                data-scope="date-picker"
                data-value="2030"
                dir="ltr"
                role="gridcell"
              >
                <button
                  aria-label="2030"
                  class="ds:flex ds:justify-center ds:items-center ds:align-center ds:text-body-sm ds:m-3 ds:font-arial ds:size-[28px] ds:sm:size-[32px] ds:hover:underline ds:focus:left-auto ds:capitalize ds:data-selected:bg-secondary-1-50 ds:data-selected:rounded-full ds:cursor-pointer"
                  data-part="table-cell-trigger"
                  data-scope="date-picker"
                  data-value="2030"
                  data-view="year"
                  dir="ltr"
                  id="datepicker::r1::cell-trigger:2030"
                  role="button"
                  tabindex="-1"
                  type="button"
                >
                  2030
                </button>
              </td>
            </tr>
          </tbody>
        </table>
      </div>
    </div>
  </div>
</div>
`;
