// Vitest Snapshot v1, https://vitest.dev/guide/snapshot.html

exports[`Snapshot testing > Default 1`] = `
<div
  aria-labelledby="headlessui-label-:r1:"
  class="flex flex-col space-y-2"
  id="headlessui-radiogroup-:r0:"
  role="radiogroup"
>
  <label
    class="text-[#4D5358]"
    id="headlessui-label-:r1:"
    role="none"
  >
    Label
  </label>
  <div
    aria-checked="true"
    class=""
    data-headlessui-state="checked"
    id="headlessui-radiogroup-option-:r2:"
    role="radio"
    tabindex="0"
  >
    <div
      class="flex-start flex space-x-3"
    >
      <svg
        fill="none"
        height="32"
        viewBox="0 0 32 32"
        width="32"
        xmlns="http://www.w3.org/2000/svg"
      >
        <g>
          <circle
            cx="15.6992"
            cy="16.1349"
            r="10.6992"
            stroke="#4D5358"
            stroke-width="10"
          />
        </g>
      </svg>
      <span
        class="flex items-center text-[#4D5358]"
      >
        A
      </span>
    </div>
  </div>
</div>
`;
