// Vitest Snapshot v1, https://vitest.dev/guide/snapshot.html

exports[`Snapshot testing > Default 1`] = `
<div
  aria-labelledby="headlessui-label-:r1:"
  class="flex flex-col space-y-2"
  id="headlessui-radiogroup-:r0:"
  role="radiogroup"
>
  <div
    class="mb-5 text-body-xs text-secondary-gray"
    data-headlessui-state=""
    id="headlessui-label-:r1:"
  >
    A
  </div>
  <span
    aria-checked="false"
    class="flex h-7"
    data-headlessui-state=""
    id="headlessui-radio-:r2:"
    role="radio"
    tabindex="0"
  >
    <div
      class="flex-start flex space-x-4"
    >
      <svg
        class="self-center"
        fill="none"
        height="16"
        viewBox="0 0 16 16"
        width="16"
        xmlns="http://www.w3.org/2000/svg"
      >
        <circle
          class="fill-white"
          cx="8"
          cy="8"
          r="8"
        />
      </svg>
      <span
        class="font-poppins flex items-center text-button-md text-black hover:text-accent hover:underline hyphens-auto"
      >
        Option 1
      </span>
    </div>
  </span>
</div>
`;
