// Vitest Snapshot v1, https://vitest.dev/guide/snapshot.html

exports[`Snapshot testing > Default 1`] = `
<div
  aria-labelledby="headlessui-label-:r1:"
  class="flex flex-col space-y-2"
  id="headlessui-radiogroup-:r0:"
  role="radiogroup"
>
  <label
    class="mb-5 text-body-xs text-secondary-gray"
    id="headlessui-label-:r1:"
    role="none"
  >
    Label
  </label>
  <div
    aria-checked="true"
    class="flex h-7"
    data-headlessui-state="checked"
    id="headlessui-radiogroup-option-:r2:"
    role="radio"
    tabindex="0"
  >
    <div
      class="flex-start flex space-x-4"
    >
      <svg
        class="self-center"
        fill="none"
        height="24"
        viewBox="0 0 24 24"
        width="24"
        xmlns="http://www.w3.org/2000/svg"
      >
        <circle
          class="stroke-accent"
          cx="12.0352"
          cy="12.0389"
          r="8"
          stroke-width="8"
        />
      </svg>
      <span
        class="flex items-center text-button-md text-primary-gray hover:text-accent hover:underline"
      >
        A
      </span>
    </div>
  </div>
</div>
`;
