// Vitest Snapshot v1, https://vitest.dev/guide/snapshot.html

exports[`NavigationMenu > renders navigation menu with default state 1`] = `
<dialog
  class="ds:fixed ds:left-auto ds:right-0 ds:-z-1 ds:flex ds:backdrop:bg-black/20 ds:w-[370px] ds:max-w-full ds:max-h-screen ds:min-h-full ds:overflow-auto ds:overscroll-contain ds:hyphens-auto"
  open=""
>
  <nav
    class="ds:bg-white ds:flex ds:flex-col ds:z-100 ds:flex-1"
  >
    <div
      class="ds:px-3 ds:flex ds:flex-col ds:overflow-y-auto ds:flex-grow"
    >
      <div
        class="ds:flex ds:items-center ds:justify-end ds:my-6"
      >
        <div
          class="ds:flex ds:justify-end"
        >
          <button
            aria-label="Sulje valikko"
            class="ds:cursor-pointer ds:focus:outline-accent ds:p-3 ds:focus-visible:outline-secondary-1-dark"
          >
            <svg
              fill="currentColor"
              height="24"
              stroke="currentColor"
              stroke-width="0"
              viewBox="0 0 24 24"
              width="24"
              xmlns="http://www.w3.org/2000/svg"
            >
              <path
                d="M6.4 19.2964L5 17.8964L10.6 12.2964L5 6.69639L6.4 5.29639L12 10.8964L17.6 5.29639L19 6.69639L13.4 12.2964L19 17.8964L17.6 19.2964L12 13.6964L6.4 19.2964Z"
                fill="currentColor"
              />
            </svg>
          </button>
        </div>
      </div>
      <div
        class="ds:border-l-8 ds:border-secondary-gray"
      >
        <a
          class="ds:flex ds:flex-1 ds:gap-3 ds:p-3 ds:ml-3 ds:mr-9 ds:cursor-pointer ds:group ds:rounded ds:active:text-white ds:text-black ds:hover:bg-bg-gray ds:active:bg-secondary-1-dark-2 ds:focus-visible:outline-secondary-1-dark"
          href="/#"
        >
          <span
            class="ds:text-button-md ds:group-hover:underline"
          >
            Etusivu
          </span>
        </a>
      </div>
      <hr
        class="ds:my-3 ds:h-1 ds:bg-bg-gray-2 ds:border-0"
      />
      <div>
        <ul
          class="ds:gap-2 ds:flex ds:flex-col ds:border-l-8 ds:border-secondary-1-dark"
        />
      </div>
    </div>
  </nav>
</dialog>
`;
