// Vitest Snapshot v1, https://vitest.dev/guide/snapshot.html

exports[`Snapshot testing > Base button 1`] = `
<div
  class="ds-rounded-[20px] ds-border-[3px] ds-border-[#767676] ds-p-4"
  data-headlessui-state=""
>
  <button
    aria-expanded="false"
    class="ds-flex ds-w-full ds-flex-col"
    data-headlessui-state=""
    id="headlessui-disclosure-button-:r1:"
    type="button"
  >
    <div
      class="ds-mb-3 ds-flex ds-w-full ds-flex-row ds-justify-between"
    >
      <span
        class="ds-text-[20px] ds-font-bold ds-text-[#333333]"
        id=":r0:"
      >
        Label
      </span>
      <span
        class="material-symbols-outlined size-32 ds-select-none ds-text-secondary-gray"
      >
        keyboard_arrow_down
      </span>
    </div>
    <span
      class="ds-mb-4 ds-text-start ds-text-[12px] ds-font-bold ds-text-[#767676]"
    >
      Description
    </span>
  </button>
</div>
`;
