// Vitest Snapshot v1, https://vitest.dev/guide/snapshot.html

exports[`Snapshot testing > Base button 1`] = `
<div
  class="rounded-[20px] border-[3px] border-[#767676] p-4"
  data-headlessui-state=""
>
  <button
    aria-expanded="false"
    class="flex w-full flex-col"
    data-headlessui-state=""
    id="headlessui-disclosure-button-:r1:"
    type="button"
  >
    <div
      class="mb-3 flex w-full flex-row justify-between"
    >
      <span
        class="text-[20px] font-bold text-[#333333]"
        id=":r0:"
      >
        Label
      </span>
      <span
        class="material-symbols-outlined size-32 select-none text-secondary-gray"
      >
        keyboard_arrow_down
      </span>
    </div>
    <span
      class="mb-4 text-start text-[12px] font-bold text-[#767676]"
    >
      Description
    </span>
  </button>
</div>
`;
