// Vitest Snapshot v1, https://vitest.dev/guide/snapshot.html

exports[`WizardProgress > renders correctly 1`] = `
<ol
  class="ds-flex ds-gap-4 ds-text-[24px] ds-text-black ds-font-semibold ds-leading-[24px]"
>
  <li
    class="ds-flex ds-min-h-7 ds-min-w-7 ds-items-center ds-justify-center ds-rounded-full ds-bg-bg-gray-2 sm:ds-min-h-8 sm:ds-min-w-8"
  >
    <span
      class="ds-sr-only"
    >
      Completed: 1
    </span>
    <svg
      fill="currentColor"
      height="24"
      stroke="currentColor"
      stroke-width="0"
      viewBox="0 0 24 24"
      width="24"
      xmlns="http://www.w3.org/2000/svg"
    >
      <path
        d="M0 0h24v24H0z"
        fill="none"
      />
      <path
        d="M9 16.17 4.83 12l-1.42 1.41L9 19 21 7l-1.41-1.41z"
      />
    </svg>
  </li>
  <li
    class="ds-flex ds-min-h-7 ds-min-w-7 ds-items-center ds-justify-center ds-rounded-full ds-bg-bg-gray-2 sm:ds-min-h-8 sm:ds-min-w-8"
  >
    <span
      class="ds-sr-only"
    >
      Completed: 2
    </span>
    <svg
      fill="currentColor"
      height="24"
      stroke="currentColor"
      stroke-width="0"
      viewBox="0 0 24 24"
      width="24"
      xmlns="http://www.w3.org/2000/svg"
    >
      <path
        d="M0 0h24v24H0z"
        fill="none"
      />
      <path
        d="M9 16.17 4.83 12l-1.42 1.41L9 19 21 7l-1.41-1.41z"
      />
    </svg>
  </li>
  <li
    class="ds-flex ds-min-h-7 ds-min-w-7 ds-items-center ds-justify-center ds-rounded-full ds-bg-accent ds-text-white sm:ds-min-h-8 sm:ds-min-w-8"
  >
    <span
      class="ds-sr-only"
    >
      Current: 
    </span>
    <span
      class="ds-select-none"
    >
      3
    </span>
  </li>
  <li
    class="ds-flex ds-min-h-7 ds-min-w-7 ds-items-center ds-justify-center ds-rounded-full ds-bg-bg-gray-2 sm:ds-min-h-8 sm:ds-min-w-8"
  >
    <span
      class="ds-select-none"
    >
      4
    </span>
  </li>
  <li
    class="ds-flex ds-min-h-7 ds-min-w-7 ds-items-center ds-justify-center ds-rounded-full ds-bg-bg-gray-2 sm:ds-min-h-8 sm:ds-min-w-8"
  >
    <span
      class="ds-select-none"
    >
      5
    </span>
  </li>
</ol>
`;
