// Vitest Snapshot v1, https://vitest.dev/guide/snapshot.html

exports[`WizardProgress > renders correctly 1`] = `
<ol
  class="ds-flex ds-gap-4 ds-text-[24px] ds-text-black ds-font-semibold ds-leading-[24px]"
>
  <li
    class="ds-flex ds-min-h-7 ds-min-w-7 ds-items-center ds-justify-center ds-rounded-full ds-bg-bg-gray-2 sm:ds-min-h-8 sm:ds-min-w-8"
  >
    <span
      class="ds-sr-only"
    >
      Completed: 1
    </span>
    <span
      aria-hidden="true"
      class="material-symbols-outlined size-24 sm:ds-size-32 ds-select-none ds-font-bold"
    >
      check
    </span>
  </li>
  <li
    class="ds-flex ds-min-h-7 ds-min-w-7 ds-items-center ds-justify-center ds-rounded-full ds-bg-bg-gray-2 sm:ds-min-h-8 sm:ds-min-w-8"
  >
    <span
      class="ds-sr-only"
    >
      Completed: 2
    </span>
    <span
      aria-hidden="true"
      class="material-symbols-outlined size-24 sm:ds-size-32 ds-select-none ds-font-bold"
    >
      check
    </span>
  </li>
  <li
    class="ds-flex ds-min-h-7 ds-min-w-7 ds-items-center ds-justify-center ds-rounded-full ds-bg-accent ds-text-white sm:ds-min-h-8 sm:ds-min-w-8"
  >
    <span
      class="ds-sr-only"
    >
      Current: 
    </span>
    <span
      class="ds-select-none"
    >
      3
    </span>
  </li>
  <li
    class="ds-flex ds-min-h-7 ds-min-w-7 ds-items-center ds-justify-center ds-rounded-full ds-bg-bg-gray-2 sm:ds-min-h-8 sm:ds-min-w-8"
  >
    <span
      class="ds-select-none"
    >
      4
    </span>
  </li>
  <li
    class="ds-flex ds-min-h-7 ds-min-w-7 ds-items-center ds-justify-center ds-rounded-full ds-bg-bg-gray-2 sm:ds-min-h-8 sm:ds-min-w-8"
  >
    <span
      class="ds-select-none"
    >
      5
    </span>
  </li>
</ol>
`;
