// Vitest Snapshot v1, https://vitest.dev/guide/snapshot.html

exports[`Accordion > renders accordion with open state by default 1`] = `
<div
  class="ds:group"
>
  <button
    aria-expanded="true"
    class="ds:cursor-pointer ds:flex ds:w-full ds:items-center ds:justify-between ds:gap-x-4 ds:mb-2 ds:group-hover:text-accent!"
  >
    <span
      class="ds:mr-5 ds:w-full ds:text-left ds:hyphens-auto ds:text-heading-3 ds:group-hover:underline"
      lang="en"
    >
      Accordion Title
    </span>
    <span
      aria-hidden="true"
      class="ds:text-black ds:group-hover:text-accent!"
    >
      <svg
        fill="currentColor"
        height="24"
        stroke="currentColor"
        stroke-width="0"
        viewBox="0 0 24 24"
        width="24"
        xmlns="http://www.w3.org/2000/svg"
      >
        <path
          d="M0 0h24v24H0z"
          fill="none"
        />
        <path
          d="m12 8-6 6 1.41 1.41L12 10.83l4.59 4.58L18 14z"
        />
      </svg>
    </span>
  </button>
</div>
`;
