// Vitest Snapshot v1, https://vitest.dev/guide/snapshot.html

exports[`Accordion > renders accordion with open state by default 1`] = `
<div
  class="ds-group"
>
  <button
    aria-label="Expand Less"
    class="ds-flex ds-w-full ds-items-center ds-justify-between ds-gap-x-4 ds-mb-2 group-hover:!ds-text-accent"
  >
    <span
      class="ds-mr-5 ds-w-full ds-text-left ds-hyphens-auto ds-text-heading-3 ds-font-poppins group-hover:ds-underline"
      lang="en"
    >
      Accordion Title
    </span>
    <span
      aria-hidden="true"
      class="material-symbols-outlined size-32 ds-select-none ds-text-secondary-gray group-hover:!ds-text-accent"
    >
      expand_less
    </span>
  </button>
</div>
`;
