// Vitest Snapshot v1, https://vitest.dev/guide/snapshot.html

exports[`SkipLink > renders the component correctly 1`] = `
<a
  class="ds:absolute ds:-left-full ds:z-50 ds:m-5 ds:flex ds:rounded-[4px] ds:border-2 ds:border-secondary-gray ds:bg-white ds:p-5 ds:text-body-md ds:font-arial ds:text-button-sm ds:text-link ds:hover:text-accent ds:hover:underline ds:focus:left-auto ds:focus:underline ds:focus-visible:outline ds:focus-visible:outline-[3px] ds:focus-visible:outline-offset-[1.5px]"
  href="#"
>
  Skip to main content
</a>
`;
