// Vitest Snapshot v1, https://vitest.dev/guide/snapshot.html

exports[`Tag > matches the snapshot 1`] = `
<div>
  <button
    aria-expanded="false"
    class="ds:group ds:inline-flex ds:select-none ds:items-center ds:rounded-xl ds:text-body-sm ds:font-poppins ds:px-4 ds:py-2 ds:text-left ds:cursor-pointer ds:bg-primary-light-2"
    type="button"
  >
    <span
      class="ds:hyphens-auto ds:text-primary-gray ds:group-hover:underline"
    >
      Label here
    </span>
    <span
      aria-hidden="true"
      class="ds:pl-3 ds:text-button-md ds:text-primary-gray"
    >
      <svg
        fill="currentColor"
        height="16"
        stroke="currentColor"
        stroke-width="0"
        viewBox="0 0 24 24"
        width="16"
        xmlns="http://www.w3.org/2000/svg"
      >
        <path
          d="M11 13.2964H5V11.2964H11V5.29639H13V11.2964H19V13.2964H13V19.2964H11V13.2964Z"
          fill="currentColor"
        />
      </svg>
    </span>
  </button>
</div>
`;
