// Vitest Snapshot v1, https://vitest.dev/guide/snapshot.html

exports[`Snapshot testing > matches the snapshot 1`] = `
<div>
  <button
    class="ds-group ds-flex ds-select-none ds-items-center ds-rounded-xl ds-text-tag ds-font-arial ds-px-4 ds-py-2 ds-bg-secondary-4-50"
    type="button"
  >
    <span
      class="ds-hyphens-auto ds-text-black group-hover:ds-underline"
    >
      Label here
    </span>
    <span
      aria-hidden="true"
      class="material-symbols-outlined ds-pl-3 ds-select-none ds-text-button-md ds-text-black"
    >
      add
    </span>
  </button>
</div>
`;
