// Vitest Snapshot v1, https://vitest.dev/guide/snapshot.html

exports[`Snapshot testing > matches the snapshot 1`] = `
<div>
  <button
    class="group flex select-none items-center gap-3 rounded-sm border-2 border-secondary-gray px-4 text-tag"
  >
    <span
      class="hyphens-auto py-[5px] text-secondary-gray group-hover:underline"
    >
      Label here
    </span>
    <span
      aria-hidden="true"
      class="material-symbols-outlined size-24-bold h-fit select-none text-secondary-gray"
    >
      add
    </span>
  </button>
</div>
`;
