// Vitest Snapshot v1, https://vitest.dev/guide/snapshot.html

exports[`Snapshot testing > matches the snapshot 1`] = `
<div>
  <div
    class="flex flex-col"
    data-part="root"
    data-scope="tags-input"
    dir="ltr"
    id="tags-input::r0:"
  >
    <label
      class="mb-4 text-form-label text-primary-gray"
      data-part="label"
      data-scope="tags-input"
      dir="ltr"
      for="tags-input::r0::input"
      id="tags-input::r0::label"
    >
      Label here
    </label>
    <div
      class="gap-3 flex flex-col rounded-[10px] border-[5px] border-border-gray p-5"
    >
      <input
        autocapitalize="none"
        autocomplete="off"
        autocorrect="off"
        class="w-full"
        data-part="input"
        data-scope="tags-input"
        dir="ltr"
        id="tags-input::r0::input"
        placeholder="(Placeholder)"
        value=""
      />
      <div
        class="flex flex-wrap gap-3"
        data-part="control"
        data-scope="tags-input"
        dir="ltr"
        id="tags-input::r0::control"
      >
        <div
          class="group inline-flex select-none items-center justify-center rounded-sm border-2 border-secondary-gray px-4 text-tag"
          data-part="item"
          data-scope="tags-input"
          data-value="cat"
          dir="ltr"
        >
          <div
            data-part="item-preview"
            data-scope="tags-input"
            data-value="cat"
            dir="ltr"
            id="tags-input::r0::tag:cat:0"
          >
            <div
              class="inline-flex items-center gap-3"
            >
              <span
                class="hyphens-auto text-secondary-gray group-hover:underline"
                data-part="item-text"
                data-scope="tags-input"
                dir="ltr"
              >
                cat
              </span>
              <button
                aria-label="Delete tag cat"
                class="flex"
                data-part="item-delete-trigger"
                data-scope="tags-input"
                dir="ltr"
                id="tags-input::r0::tag:cat:0:delete-btn"
                tabindex="-1"
                type="button"
              >
                <span
                  class="material-symbols-outlined size-24-bold h-fit select-none text-secondary-gray"
                >
                  close
                </span>
              </button>
            </div>
          </div>
          <input
            aria-hidden="true"
            aria-label="Editing tag cat. Press enter to save or escape to cancel."
            class="py-[5px]"
            data-part="item-input"
            data-scope="tags-input"
            dir="ltr"
            hidden=""
            id="tags-input::r0::tag:cat:0:input"
            tabindex="-1"
            value=""
          />
        </div>
        <div
          class="group inline-flex select-none items-center justify-center rounded-sm border-2 border-secondary-gray px-4 text-tag"
          data-part="item"
          data-scope="tags-input"
          data-value="bird"
          dir="ltr"
        >
          <div
            data-part="item-preview"
            data-scope="tags-input"
            data-value="bird"
            dir="ltr"
            id="tags-input::r0::tag:bird:1"
          >
            <div
              class="inline-flex items-center gap-3"
            >
              <span
                class="hyphens-auto text-secondary-gray group-hover:underline"
                data-part="item-text"
                data-scope="tags-input"
                dir="ltr"
              >
                bird
              </span>
              <button
                aria-label="Delete tag bird"
                class="flex"
                data-part="item-delete-trigger"
                data-scope="tags-input"
                dir="ltr"
                id="tags-input::r0::tag:bird:1:delete-btn"
                tabindex="-1"
                type="button"
              >
                <span
                  class="material-symbols-outlined size-24-bold h-fit select-none text-secondary-gray"
                >
                  close
                </span>
              </button>
            </div>
          </div>
          <input
            aria-hidden="true"
            aria-label="Editing tag bird. Press enter to save or escape to cancel."
            class="py-[5px]"
            data-part="item-input"
            data-scope="tags-input"
            dir="ltr"
            hidden=""
            id="tags-input::r0::tag:bird:1:input"
            tabindex="-1"
            value=""
          />
        </div>
        <div
          class="group inline-flex select-none items-center justify-center rounded-sm border-2 border-secondary-gray px-4 text-tag"
          data-part="item"
          data-scope="tags-input"
          data-value="dog"
          dir="ltr"
        >
          <div
            data-part="item-preview"
            data-scope="tags-input"
            data-value="dog"
            dir="ltr"
            id="tags-input::r0::tag:dog:2"
          >
            <div
              class="inline-flex items-center gap-3"
            >
              <span
                class="hyphens-auto text-secondary-gray group-hover:underline"
                data-part="item-text"
                data-scope="tags-input"
                dir="ltr"
              >
                dog
              </span>
              <button
                aria-label="Delete tag dog"
                class="flex"
                data-part="item-delete-trigger"
                data-scope="tags-input"
                dir="ltr"
                id="tags-input::r0::tag:dog:2:delete-btn"
                tabindex="-1"
                type="button"
              >
                <span
                  class="material-symbols-outlined size-24-bold h-fit select-none text-secondary-gray"
                >
                  close
                </span>
              </button>
            </div>
          </div>
          <input
            aria-hidden="true"
            aria-label="Editing tag dog. Press enter to save or escape to cancel."
            class="py-[5px]"
            data-part="item-input"
            data-scope="tags-input"
            dir="ltr"
            hidden=""
            id="tags-input::r0::tag:dog:2:input"
            tabindex="-1"
            value=""
          />
        </div>
      </div>
    </div>
  </div>
</div>
`;
