// Vitest Snapshot v1, https://vitest.dev/guide/snapshot.html

exports[`Toggle > renders as a button 1`] = `
<button
  aria-label="Toggle something"
  aria-pressed="false"
  class="ds:transition-all ds:duration-200 ds:w-[52px] ds:h-[32px] ds:relative ds:rounded-2xl ds:flex ds:cursor-pointer ds:bg-inactive-gray"
>
  <span
    class="ds:size-6 ds:bg-white ds:rounded-full ds:m-2 ds:transition-all ds:duration-200 ds:transform ds:translate-x-0"
  />
</button>
`;
