// Vitest Snapshot v1, https://vitest.dev/guide/snapshot.html

exports[`ConfirmDialog > renders dialog when showDialog is called 1`] = `
<div
  aria-describedby="headlessui-description-_r_9_"
  aria-labelledby="ds-confirm-dialog-title-_r_0_"
  aria-modal="true"
  arial-labelledby="ds-confirm-dialog-title-_r_0_"
  class="ds:relative ds:z-50"
  data-headlessui-state="open"
  data-open=""
  id="ds-confirm-dialog-_r_0_"
  role="dialog"
  tabindex="-1"
>
  <div
    aria-hidden="true"
    class="ds:fixed ds:inset-0 ds:bg-black/30"
  />
  <div
    class="ds:fixed ds:inset-0 ds:flex ds:w-screen ds:py-[96px]"
  >
    <div
      class="ds:flex ds:w-full ds:items-center ds:justify-center"
    >
      <div
        class="ds:overflow-hidden ds:rounded-lg ds:bg-bg-gray ds:min-h-[270px] ds:w-[630px] ds:flex ds:flex-col ds:justify-between"
        data-headlessui-state="open"
        data-open=""
        id="ds-confirm-dialog-panel-_r_0_"
      >
        <div
          class="ds:flex ds:flex-col ds:max-w-[640px] ds:pt-7 ds:sm:pb-9 ds:py-6 ds:sm:px-9 ds:px-5"
        >
          <h2
            class="ds:mb-5 ds:sm:text-[32px] ds:text-[29px] ds:sm:leading-[40px] ds:leading-[26px] ds:font-semibold"
            data-headlessui-state="open"
            data-open=""
            id="ds-confirm-dialog-title-_r_0_"
          >
            ConfirmDialog rendered
          </h2>
          <p
            class="ds:text-body-sm ds:font-arial ds:min-h-[60px]"
            data-headlessui-state="open"
            data-open=""
            id="headlessui-description-_r_9_"
          >
            Are you sure?
          </p>
        </div>
        <div
          class="ds:overflow-x-auto ds:overflow-y-hidden ds:bg-bg-gray-2"
        >
          <div
            class="ds:flex ds:flex-row ds:gap-5 ds:px-6 ds:py-5 ds:sm:px-9 ds:justify-end"
          >
            <button
              class="ds:cursor-pointer ds:group ds:flex ds:select-none ds:items-center ds:gap-4 ds:rounded-[30px] ds:px-6 ds:text-button-md ds:hover:text-accent ds:focus-visible:text-accent ds:focus-visible:outline-[3px] ds:focus-visible:outline-offset-[1.5px] ds:focus-visible:outline-accent ds:active:bg-accent ds:active:text-white ds:active:outline-0 ds:text-primary-gray ds:bg-white"
            >
              <span
                class="ds:py-[10px] ds:group-hover:underline ds:group-focus-visible:no-underline ds:group-active:no-underline"
              >
                Cancel
              </span>
            </button>
            <button
              class="ds:cursor-pointer ds:group ds:flex ds:select-none ds:items-center ds:gap-4 ds:rounded-[30px] ds:px-6 ds:text-button-md ds:hover:text-accent ds:focus-visible:text-accent ds:focus-visible:outline-[3px] ds:focus-visible:outline-offset-[1.5px] ds:focus-visible:outline-accent ds:active:bg-accent ds:active:text-white ds:active:outline-0 ds:text-primary-gray ds:bg-white"
            >
              <span
                class="ds:py-[10px] ds:group-hover:underline ds:group-focus-visible:no-underline ds:group-active:no-underline"
              >
                Confirm
              </span>
            </button>
          </div>
        </div>
      </div>
    </div>
  </div>
</div>
`;
