// Vitest Snapshot v1, https://vitest.dev/guide/snapshot.html

exports[`ConfirmDialog > renders dialog when showDialog is called 1`] = `
<div
  aria-describedby="headlessui-description-_r_9_"
  aria-labelledby="ds-confirm-dialog-title-_r_0_"
  aria-modal="true"
  arial-labelledby="ds-confirm-dialog-title-_r_0_"
  class="ds:relative ds:z-50"
  data-headlessui-state="open"
  data-open=""
  id="ds-confirm-dialog-_r_0_"
  role="dialog"
  tabindex="-1"
>
  <div
    aria-hidden="true"
    class="ds:fixed ds:inset-0 ds:bg-black/30"
  />
  <div
    class="ds:fixed ds:inset-0 ds:flex ds:w-screen ds:sm:py-[96px]"
  >
    <div
      class="ds:flex ds:w-full ds:items-end ds:sm:items-center ds:justify-center ds:h-full"
    >
      <div
        class="ds:flex ds:flex-col ds:bg-bg-gray ds:overflow-hidden ds:rounded-t-xl ds:sm:rounded-lg ds:transition-opacity ds:duration-0 ds:min-h-[270px] ds:w-[630px] ds:sm:max-h-[80dvh] ds:h-[50dvh] ds:opacity-100 ds:sm:h-auto"
        data-headlessui-state="open"
        data-open=""
        id="ds-confirm-dialog-panel-_r_0_"
      >
        <div
          class="ds:flex ds:flex-col ds:flex-1 ds:min-h-0 ds:max-w-[640px]"
        >
          <div
            class="ds:pt-6 ds:sm:pt-7 ds:pb-5 ds:px-5 ds:sm:px-9"
          >
            <h2
              class="ds:sm:text-[32px] ds:text-[20px] ds:sm:leading-8 ds:leading-[26px] ds:font-semibold"
              data-headlessui-state="open"
              data-open=""
              id="ds-confirm-dialog-title-_r_0_"
            >
              ConfirmDialog rendered
            </h2>
          </div>
          <div
            class="ds:overflow-y-auto ds:flex ds:flex-col ds:px-5 ds:sm:px-9 ds:pb-6 ds:sm:pb-9"
          >
            <p
              class="ds:text-body-sm ds:font-arial ds:min-h-[60px]"
              data-headlessui-state="open"
              data-open=""
              id="headlessui-description-_r_9_"
            >
              Are you sure?
            </p>
          </div>
        </div>
        <div
          class="ds:shrink-0 ds:overflow-x-auto ds:overflow-y-hidden ds:bg-bg-gray-2"
        >
          <div
            class="ds:flex ds:flex-row ds:gap-5 ds:px-6 ds:py-4 ds:sm-py-5 ds:sm:px-9 ds:justify-end"
          >
            <button
              aria-label="Cancel"
              class="ds:flex ds:cursor-pointer ds:items-center ds:gap-4 ds:select-none ds:group ds:text-button-sm ds:px-5 ds:min-h-7 ds:rounded-[30px] ds:outline-offset-2 ds:disabled:cursor-not-allowed ds:bg-white ds:text-black ds:focus-visible:outline-secondary-1-dark ds:hover:text-secondary-1-dark ds:active:text-secondary-1-dark-2 ds:focus-visible:text-secondary-1-dark"
              type="button"
            >
              <span
                class="ds:text-center ds:group-hover:underline ds:group-active:underline ds:group-focus-visible:underline"
              >
                Cancel
              </span>
            </button>
            <button
              aria-label="Confirm"
              class="ds:flex ds:cursor-pointer ds:items-center ds:gap-4 ds:select-none ds:group ds:text-button-sm ds:px-5 ds:min-h-7 ds:rounded-[30px] ds:outline-offset-2 ds:disabled:cursor-not-allowed ds:bg-white ds:text-black ds:focus-visible:outline-secondary-1-dark ds:hover:text-secondary-1-dark ds:active:text-secondary-1-dark-2 ds:focus-visible:text-secondary-1-dark"
              type="button"
            >
              <span
                class="ds:text-center ds:group-hover:underline ds:group-active:underline ds:group-focus-visible:underline"
              >
                Confirm
              </span>
            </button>
          </div>
        </div>
      </div>
    </div>
  </div>
</div>
`;
