// Vitest Snapshot v1, https://vitest.dev/guide/snapshot.html

exports[`ConfirmDialog > renders dialog when showDialog is called 1`] = `
<div
  aria-describedby="headlessui-description-«ra»"
  aria-labelledby="headlessui-dialog-title-«r9»"
  aria-modal="true"
  class="ds:relative ds:z-50"
  data-headlessui-state="open"
  data-open=""
  id="ds-confirm-dialog-«r0»"
  role="dialog"
  tabindex="-1"
>
  <div
    aria-hidden="true"
    class="ds:fixed ds:inset-0 ds:bg-black/30"
  />
  <div
    class="ds:fixed ds:inset-0 ds:flex ds:w-screen ds:py-[96px]"
  >
    <div
      class="ds:flex ds:w-full ds:items-center ds:justify-center"
    >
      <div
        class="ds:overflow-hidden ds:rounded-lg ds:bg-bg-gray"
        data-headlessui-state="open"
        data-open=""
        id="ds-confirm-dialog-panel-«r0»"
      >
        <div
          class="ds:flex ds:max-w-[640px] ds:flex-col ds:p-9"
        >
          <h2
            class="ds:mb-5 ds:text-heading-2"
            data-headlessui-state="open"
            data-open=""
            id="headlessui-dialog-title-«r9»"
          >
            ConfirmDialog rendered
          </h2>
          <p
            class="ds:text-body-sm ds:font-arial"
            data-headlessui-state="open"
            data-open=""
            id="headlessui-description-«ra»"
          >
            Are you sure?
          </p>
        </div>
        <div
          class="ds:overflow-x-auto ds:overflow-y-hidden ds:bg-bg-gray-2"
        >
          <div
            class="ds:flex ds:flex-row ds:gap-5 ds:px-6 ds:py-5 ds:sm:px-9 ds:justify-end"
          >
            <button
              class="ds:cursor-pointer ds:group ds:flex ds:select-none ds:items-center ds:gap-4 ds:rounded-[30px] ds:px-6 ds:text-button-md ds:hover:text-accent ds:focus-visible:text-accent ds:focus-visible:outline ds:focus-visible:outline-[3px] ds:focus-visible:outline-offset-[1.5px] ds:focus-visible:outline-accent ds:active:bg-accent ds:active:text-white ds:active:outline-0 ds:text-black ds:bg-white"
            >
              <span
                class="ds:py-[10px] ds:group-hover:underline ds:group-focus-visible:no-underline ds:group-active:no-underline"
              >
                Cancel
              </span>
            </button>
            <button
              class="ds:cursor-pointer ds:group ds:flex ds:select-none ds:items-center ds:gap-4 ds:rounded-[30px] ds:px-6 ds:text-button-md ds:hover:text-accent ds:focus-visible:text-accent ds:focus-visible:outline ds:focus-visible:outline-[3px] ds:focus-visible:outline-offset-[1.5px] ds:focus-visible:outline-accent ds:active:bg-accent ds:active:text-white ds:active:outline-0 ds:text-black ds:bg-white"
            >
              <span
                class="ds:py-[10px] ds:group-hover:underline ds:group-focus-visible:no-underline ds:group-active:no-underline"
              >
                Confirm
              </span>
            </button>
          </div>
        </div>
      </div>
    </div>
  </div>
</div>
`;
