// Vitest Snapshot v1, https://vitest.dev/guide/snapshot.html

exports[`IconButton > matches snapshot 1`] = `
<button
  aria-label="Test button"
  class="ds:cursor-pointer ds:focus-visible:outline-secondary-1-dark ds:outline-offset-2 ds:rounded-full ds:flex ds:content-center"
  type="button"
>
  <span
    aria-hidden="true"
    class="ds:hover:bg-bg-gray-2 ds:active:bg-secondary-1-dark-2 ds:active:text-white ds:flex ds:rounded-full ds:items-center ds:justify-center ds:select-none ds:size-8"
  >
    <svg
      data-testid="icon-svg"
    />
  </span>
</button>
`;
