// Vitest Snapshot v1, https://vitest.dev/guide/snapshot.html

exports[`matches snapshot 1`] = `
<div
  class="ds:flex ds:justify-start ds:text-white ds:bg-[#333] ds:py-6"
>
  <div
    class="ds:w-[1092px] ds:mx-auto ds:px-5 ds:sm:px-6"
  >
    <div
      class="ds:flex ds:flex-col"
    >
      <div
        class="ds:text-heading-2-mobile ds:sm:text-heading-2 ds:mb-3"
      >
        Test Title
      </div>
      <p
        class="ds:text-body-sm-mobile ds:sm:text-body-sm ds:mb-6"
      >
        Test description content.
      </p>
      <ul
        class="ds:flex ds:flex-col ds:gap-3 ds:justify-start ds:items-start"
      >
        <li>
          <a
            class="ds:flex ds:justify-center ds:gap-4 ds:text-button-md-mobile ds:sm:text-button-md"
            data-testid="mock-link"
            href="/en/page-1"
          >
            <span>
              Page 1
            </span>
            <svg
              fill="currentColor"
              height="24"
              stroke="currentColor"
              stroke-width="0"
              viewBox="0 0 24 24"
              width="24"
              xmlns="http://www.w3.org/2000/svg"
            >
              <path
                d="M0 0h24v24H0z"
                fill="none"
              />
              <path
                d="m12 4-1.41 1.41L16.17 11H4v2h12.17l-5.58 5.59L12 20l8-8z"
              />
            </svg>
          </a>
        </li>
        <li>
          <a
            class="ds:flex ds:justify-center ds:gap-4 ds:text-button-md-mobile ds:sm:text-button-md"
            data-testid="mock-link"
            href="/en/page-2"
          >
            <span>
              Page 2
            </span>
            <svg
              fill="currentColor"
              height="24"
              stroke="currentColor"
              stroke-width="0"
              viewBox="0 0 24 24"
              width="24"
              xmlns="http://www.w3.org/2000/svg"
            >
              <path
                d="M0 0h24v24H0z"
                fill="none"
              />
              <path
                d="m12 4-1.41 1.41L16.17 11H4v2h12.17l-5.58 5.59L12 20l8-8z"
              />
            </svg>
          </a>
        </li>
      </ul>
    </div>
  </div>
</div>
`;
