// Vitest Snapshot v1, https://vitest.dev/guide/snapshot.html

exports[`TextCard > renders the text and the label 1`] = `
<div
  class="flex w-min flex-col-reverse items-center rounded-[10px] bg-jod-light px-[40px] py-[15px] font-bold"
>
  <span
    class="text-[24px] leading-[26.4px] text-[#4D5358]"
  >
    Dolor sit amet
  </span>
  <span
    class="text-[80px] leading-[88px] text-jod-black"
  >
    Lorem ipsum
  </span>
</div>
`;
